#
# There is insufficient memory for the Java Runtime Environment to continue.
# Native memory allocation (malloc) failed to allocate 783376 bytes. Error detail: Chunk::new
# Possible reasons:
#   The system is out of physical RAM or swap space
#   This process is running with CompressedOops enabled, and the Java Heap may be blocking the growth of the native heap
# Possible solutions:
#   Reduce memory load on the system
#   Increase physical memory or swap space
#   Check if swap backing store is full
#   Decrease Java heap size (-Xmx/-Xms)
#   Decrease number of Java threads
#   Decrease Java thread stack sizes (-Xss)
#   Set larger code cache with -XX:ReservedCodeCacheSize=
#   JVM is running with Unscaled Compressed Oops mode in which the Java heap is
#     placed in the first 4GB address space. The Java Heap base address is the
#     maximum limit for the native heap growth. Please use -XX:HeapBaseMinAddress
#     to set the Java Heap base and to place the Java Heap above 4GB virtual address.
# This output file may be truncated or incomplete.
#
#  Out of Memory Error (arena.cpp:168), pid=24900, tid=9308
#
# JRE version: OpenJDK Runtime Environment Temurin-21.0.11+10 (21.0.11+10) (build 21.0.11+10-LTS)
# Java VM: OpenJDK 64-Bit Server VM Temurin-21.0.11+10 (21.0.11+10-LTS, mixed mode, sharing, tiered, compressed oops, compressed class ptrs, g1 gc, windows-amd64)
# No core dump will be written. Minidumps are not enabled by default on client versions of Windows
#

---------------  S U M M A R Y ------------

Command Line: -XX:MaxMetaspaceSize=512m --add-opens=java.base/java.util=ALL-UNNAMED --add-opens=java.base/java.lang=ALL-UNNAMED --add-opens=java.base/java.lang.invoke=ALL-UNNAMED --add-opens=java.prefs/java.util.prefs=ALL-UNNAMED --add-opens=java.base/java.nio.charset=ALL-UNNAMED --add-opens=java.base/java.net=ALL-UNNAMED --add-opens=java.base/java.util.concurrent.atomic=ALL-UNNAMED -Xmx2048m -Dfile.encoding=utf8 -Duser.country=IN -Duser.language=en -Duser.variant -javaagent:C:\Users\vivek\.gradle\wrapper\dists\gradle-8.6-bin\afr5mpiioh2wthjmwnkmdsd5w\gradle-8.6\lib\agents\gradle-instrumentation-agent-8.6.jar org.gradle.launcher.daemon.bootstrap.GradleDaemon 8.6

Host: AMD Ryzen 5 5500U with Radeon Graphics         , 12 cores, 7G,  Windows 11 , 64 bit Build 26100 (10.0.26100.9168)
Time: Sat Aug 22 21:32:12 2026 India Standard Time elapsed time: 179.339189 seconds (0d 0h 2m 59s)

---------------  T H R E A D  ---------------

Current thread (0x000001e13a805f30):  JavaThread "C2 CompilerThread0" daemon [_thread_in_native, id=9308, stack(0x00000085e8d00000,0x00000085e8e00000) (1024K)]


Current CompileTask:
C2:179339 10361 % !   4       java.util.jar.Attributes::read @ 214 (494 bytes)

Stack: [0x00000085e8d00000,0x00000085e8e00000]
Native frames: (J=compiled Java code, j=interpreted, Vv=VM code, C=native code)
V  [jvm.dll+0x6d7e19]
V  [jvm.dll+0x8b5096]
V  [jvm.dll+0x8b764e]
V  [jvm.dll+0x8b7d33]
V  [jvm.dll+0x284596]
V  [jvm.dll+0xc685d]
V  [jvm.dll+0xc6da1]
V  [jvm.dll+0x3bed31]
V  [jvm.dll+0x1e4149]
V  [jvm.dll+0x24c853]
V  [jvm.dll+0x24bce0]
V  [jvm.dll+0x1cb4ae]
V  [jvm.dll+0x25baad]
V  [jvm.dll+0x25a03a]
V  [jvm.dll+0x3f868e]
V  [jvm.dll+0x85fb0d]
V  [jvm.dll+0x6d664d]
C  [ucrtbase.dll+0x2cd30]
C  [KERNEL32.DLL+0x2ccb7]
C  [ntdll.dll+0xaad6c]


---------------  P R O C E S S  ---------------

Threads class SMR info:
_java_thread_list=0x000001e122ca84f0, length=115, elements={
0x000001e1208c8f60, 0x000001e13a7cf450, 0x000001e13a7d11e0, 0x000001e13a7e0230,
0x000001e13a7e0c90, 0x000001e13a7e3e60, 0x000001e13a805070, 0x000001e13a805f30,
0x000001e13a80dff0, 0x000001e13a9cea50, 0x000001e13aa9ffb0, 0x000001e15b12a310,
0x000001e15b5335c0, 0x000001e13a92d630, 0x000001e15a808090, 0x000001e15b58dfb0,
0x000001e15a6bf640, 0x000001e15a8f3470, 0x000001e15a8f5540, 0x000001e15a8f6260,
0x000001e15a8f2de0, 0x000001e15a8f4190, 0x000001e15a8f5bd0, 0x000001e15a8f4eb0,
0x000001e15ace5010, 0x000001e15ace6a50, 0x000001e15ace4980, 0x000001e15ace5d30,
0x000001e15ace63c0, 0x000001e15ace70e0, 0x000001e15ace42f0, 0x000001e15acea560,
0x000001e15aceabf0, 0x000001e15ace8490, 0x000001e15ace8b20, 0x000001e15ace91b0,
0x000001e15ace7e00, 0x000001e15a8f3b00, 0x000001e15c593420, 0x000001e15c590630,
0x000001e15c594140, 0x000001e15c593ab0, 0x000001e15c590cc0, 0x000001e15c594e60,
0x000001e15c5919e0, 0x000001e15c595b80, 0x000001e15c5954f0, 0x000001e15c592700,
0x000001e15c596210, 0x000001e15c592d90, 0x000001e15c596f30, 0x000001e15c5968a0,
0x000001e15c5975c0, 0x000001e15b6c43d0, 0x000001e15b6c4a60, 0x000001e15b6c5e10,
0x000001e15b6c50f0, 0x000001e15b6c5780, 0x000001e15b6c8c00, 0x000001e15b6c71c0,
0x000001e15b6c64a0, 0x000001e15b6c8570, 0x000001e15b6c9920, 0x000001e15b6c9fb0,
0x000001e15b6c6b30, 0x000001e15b6ca640, 0x000001e15b6cacd0, 0x000001e15b6cb360,
0x000001e15ace9840, 0x000001e15ace7770, 0x000001e15aceb280, 0x000001e15f8f3b90,
0x000001e15f8f27e0, 0x000001e15f8f48b0, 0x000001e15f8f4220, 0x000001e15f8f2150,
0x000001e15f8f4f40, 0x000001e15f8f2e70, 0x000001e15f8f55d0, 0x000001e15f8f5c60,
0x000001e15f8f62f0, 0x000001e15f8f6980, 0x000001e15f8f3500, 0x000001e15f8f7010,
0x000001e15f8f8a50, 0x000001e15f8f83c0, 0x000001e15f8f90e0, 0x000001e15f8f76a0,
0x000001e15f8f9770, 0x000001e15f8f7d30, 0x000001e15ff56410, 0x000001e15ff56aa0,
0x000001e15ff57130, 0x000001e15ff53cb0, 0x000001e15ff577c0, 0x000001e15ff54340,
0x000001e15ff57e50, 0x000001e15ff549d0, 0x000001e15ff584e0, 0x000001e15ff55060,
0x000001e15ff556f0, 0x000001e15ff58b70, 0x000001e15ff59200, 0x000001e15ff55d80,
0x000001e15ff5b2d0, 0x000001e15ff59890, 0x000001e15ff5a5b0, 0x000001e15ff5ac40,
0x000001e15c56b4c0, 0x000001e15c56bb50, 0x000001e15c56ae30, 0x000001e15c56c1e0,
0x000001e15c56a110, 0x000001e15c568d60, 0x000001e15c56c870
}

Java Threads: ( => current thread )
  0x000001e1208c8f60 JavaThread "main"                              [_thread_blocked, id=20372, stack(0x00000085e7f00000,0x00000085e8000000) (1024K)]
  0x000001e13a7cf450 JavaThread "Reference Handler"          daemon [_thread_blocked, id=3940, stack(0x00000085e8700000,0x00000085e8800000) (1024K)]
  0x000001e13a7d11e0 JavaThread "Finalizer"                  daemon [_thread_blocked, id=14280, stack(0x00000085e8800000,0x00000085e8900000) (1024K)]
  0x000001e13a7e0230 JavaThread "Signal Dispatcher"          daemon [_thread_blocked, id=18460, stack(0x00000085e8900000,0x00000085e8a00000) (1024K)]
  0x000001e13a7e0c90 JavaThread "Attach Listener"            daemon [_thread_blocked, id=23828, stack(0x00000085e8a00000,0x00000085e8b00000) (1024K)]
  0x000001e13a7e3e60 JavaThread "Service Thread"             daemon [_thread_blocked, id=9500, stack(0x00000085e8b00000,0x00000085e8c00000) (1024K)]
  0x000001e13a805070 JavaThread "Monitor Deflation Thread"   daemon [_thread_blocked, id=18132, stack(0x00000085e8c00000,0x00000085e8d00000) (1024K)]
=>0x000001e13a805f30 JavaThread "C2 CompilerThread0"         daemon [_thread_in_native, id=9308, stack(0x00000085e8d00000,0x00000085e8e00000) (1024K)]
  0x000001e13a80dff0 JavaThread "C1 CompilerThread0"         daemon [_thread_blocked, id=22888, stack(0x00000085e8e00000,0x00000085e8f00000) (1024K)]
  0x000001e13a9cea50 JavaThread "Common-Cleaner"             daemon [_thread_blocked, id=14224, stack(0x00000085e8f00000,0x00000085e9000000) (1024K)]
  0x000001e13aa9ffb0 JavaThread "Notification Thread"        daemon [_thread_blocked, id=24212, stack(0x00000085e9000000,0x00000085e9100000) (1024K)]
  0x000001e15b12a310 JavaThread "Daemon health stats"               [_thread_blocked, id=24780, stack(0x00000085e9500000,0x00000085e9600000) (1024K)]
  0x000001e15b5335c0 JavaThread "Incoming local TCP Connector on port 58517"        [_thread_in_native, id=11108, stack(0x00000085e9600000,0x00000085e9700000) (1024K)]
  0x000001e13a92d630 JavaThread "Daemon periodic checks"            [_thread_blocked, id=12068, stack(0x00000085e9700000,0x00000085e9800000) (1024K)]
  0x000001e15a808090 JavaThread "Daemon"                            [_thread_blocked, id=21488, stack(0x00000085e9800000,0x00000085e9900000) (1024K)]
  0x000001e15b58dfb0 JavaThread "Handler for socket connection from /127.0.0.1:58517 to /127.0.0.1:58518"        [_thread_in_native, id=11972, stack(0x00000085e9900000,0x00000085e9a00000) (1024K)]
  0x000001e15a6bf640 JavaThread "Cancel handler"                    [_thread_blocked, id=13088, stack(0x00000085e9a00000,0x00000085e9b00000) (1024K)]
  0x000001e15a8f3470 JavaThread "Daemon worker"                     [_thread_in_vm, id=6164, stack(0x00000085e9b00000,0x00000085e9c00000) (1024K)]
  0x000001e15a8f5540 JavaThread "Asynchronous log dispatcher for DefaultDaemonConnection: socket connection from /127.0.0.1:58517 to /127.0.0.1:58518"        [_thread_blocked, id=25080, stack(0x00000085e9c00000,0x00000085e9d00000) (1024K)]
  0x000001e15a8f6260 JavaThread "Daemon client event forwarder"        [_thread_blocked, id=19060, stack(0x00000085e9e00000,0x00000085e9f00000) (1024K)]
  0x000001e15a8f2de0 JavaThread "Cache worker for journal cache (C:\Users\vivek\.gradle\caches\journal-1)"        [_thread_blocked, id=8756, stack(0x00000085e9f00000,0x00000085ea000000) (1024K)]
  0x000001e15a8f4190 JavaThread "File lock request listener"        [_thread_in_native, id=24408, stack(0x00000085ea000000,0x00000085ea100000) (1024K)]
  0x000001e15a8f5bd0 JavaThread "Cache worker for file hash cache (C:\Users\vivek\.gradle\caches\8.6\fileHashes)"        [_thread_blocked, id=20760, stack(0x00000085ea100000,0x00000085ea200000) (1024K)]
  0x000001e15a8f4eb0 JavaThread "File watcher server"        daemon [_thread_in_native, id=9820, stack(0x00000085ea900000,0x00000085eaa00000) (1024K)]
  0x000001e15ace5010 JavaThread "File watcher consumer"      daemon [_thread_blocked, id=23408, stack(0x00000085eaa00000,0x00000085eab00000) (1024K)]
  0x000001e15ace6a50 JavaThread "Cache worker for checksums cache (D:\AI\instagram-clone\android\.gradle\8.6\checksums)"        [_thread_blocked, id=3288, stack(0x00000085eab00000,0x00000085eac00000) (1024K)]
  0x000001e15ace4980 JavaThread "Cache worker for file hash cache (D:\AI\instagram-clone\android\.gradle\8.6\fileHashes)"        [_thread_blocked, id=24740, stack(0x00000085eac00000,0x00000085ead00000) (1024K)]
  0x000001e15ace5d30 JavaThread "Cache worker for cache directory md-supplier (C:\Users\vivek\.gradle\caches\8.6\md-supplier)"        [_thread_blocked, id=4712, stack(0x00000085ead00000,0x00000085eae00000) (1024K)]
  0x000001e15ace63c0 JavaThread "Cache worker for cache directory md-rule (C:\Users\vivek\.gradle\caches\8.6\md-rule)"        [_thread_blocked, id=23104, stack(0x00000085eae00000,0x00000085eaf00000) (1024K)]
  0x000001e15ace70e0 JavaThread "File lock release action executor"        [_thread_blocked, id=3788, stack(0x00000085eaf00000,0x00000085eb000000) (1024K)]
  0x000001e15ace42f0 JavaThread "Cache worker for file content cache (C:\Users\vivek\.gradle\caches\8.6\fileContent)"        [_thread_blocked, id=8100, stack(0x00000085eb000000,0x00000085eb100000) (1024K)]
  0x000001e15acea560 JavaThread "jar transforms"                    [_thread_blocked, id=12764, stack(0x00000085eb100000,0x00000085eb200000) (1024K)]
  0x000001e15aceabf0 JavaThread "jar transforms Thread 2"           [_thread_blocked, id=16344, stack(0x00000085eb300000,0x00000085eb400000) (1024K)]
  0x000001e15ace8490 JavaThread "jar transforms Thread 3"           [_thread_blocked, id=10864, stack(0x00000085eb200000,0x00000085eb300000) (1024K)]
  0x000001e15ace8b20 JavaThread "jar transforms Thread 4"           [_thread_blocked, id=20744, stack(0x00000085eb400000,0x00000085eb500000) (1024K)]
  0x000001e15ace91b0 JavaThread "jar transforms Thread 5"           [_thread_blocked, id=16492, stack(0x00000085eb500000,0x00000085eb600000) (1024K)]
  0x000001e15ace7e00 JavaThread "jar transforms Thread 6"           [_thread_blocked, id=14936, stack(0x00000085eb600000,0x00000085eb700000) (1024K)]
  0x000001e15a8f3b00 JavaThread "jar transforms Thread 7"           [_thread_blocked, id=3412, stack(0x00000085e7c00000,0x00000085e7d00000) (1024K)]
  0x000001e15c593420 JavaThread "jar transforms Thread 8"           [_thread_blocked, id=16192, stack(0x00000085e7d00000,0x00000085e7e00000) (1024K)]
  0x000001e15c590630 JavaThread "Unconstrained build operations"        [_thread_blocked, id=14604, stack(0x00000085e7e00000,0x00000085e7f00000) (1024K)]
  0x000001e15c594140 JavaThread "Unconstrained build operations Thread 2"        [_thread_blocked, id=10600, stack(0x00000085e9d00000,0x00000085e9e00000) (1024K)]
  0x000001e15c593ab0 JavaThread "jar transforms Thread 9"           [_thread_blocked, id=8432, stack(0x00000085eba00000,0x00000085ebb00000) (1024K)]
  0x000001e15c590cc0 JavaThread "jar transforms Thread 10"          [_thread_blocked, id=19764, stack(0x00000085ebb00000,0x00000085ebc00000) (1024K)]
  0x000001e15c594e60 JavaThread "Cache worker for Build Output Cleanup Cache (D:\AI\instagram-clone\node_modules\@react-native\gradle-plugin\.gradle\buildOutputCleanup)"        [_thread_blocked, id=23840, stack(0x00000085ebc00000,0x00000085ebd00000) (1024K)]
  0x000001e15c5919e0 JavaThread "jar transforms Thread 11"          [_thread_blocked, id=17032, stack(0x00000085ebd00000,0x00000085ebe00000) (1024K)]
  0x000001e15c595b80 JavaThread "jar transforms Thread 12"          [_thread_blocked, id=19524, stack(0x00000085ebe00000,0x00000085ebf00000) (1024K)]
  0x000001e15c5954f0 JavaThread "Unconstrained build operations Thread 3"        [_thread_blocked, id=8136, stack(0x00000085ebf00000,0x00000085ec000000) (1024K)]
  0x000001e15c592700 JavaThread "Unconstrained build operations Thread 4"        [_thread_blocked, id=17572, stack(0x00000085ec000000,0x00000085ec100000) (1024K)]
  0x000001e15c596210 JavaThread "Unconstrained build operations Thread 5"        [_thread_blocked, id=5304, stack(0x00000085ec100000,0x00000085ec200000) (1024K)]
  0x000001e15c592d90 JavaThread "Unconstrained build operations Thread 6"        [_thread_blocked, id=6476, stack(0x00000085ec200000,0x00000085ec300000) (1024K)]
  0x000001e15c596f30 JavaThread "Unconstrained build operations Thread 7"        [_thread_blocked, id=5688, stack(0x00000085ec300000,0x00000085ec400000) (1024K)]
  0x000001e15c5968a0 JavaThread "Unconstrained build operations Thread 8"        [_thread_blocked, id=5796, stack(0x00000085ec400000,0x00000085ec500000) (1024K)]
  0x000001e15c5975c0 JavaThread "Unconstrained build operations Thread 9"        [_thread_blocked, id=24908, stack(0x00000085ec500000,0x00000085ec600000) (1024K)]
  0x000001e15b6c43d0 JavaThread "Unconstrained build operations Thread 10"        [_thread_blocked, id=15468, stack(0x00000085ec600000,0x00000085ec700000) (1024K)]
  0x000001e15b6c4a60 JavaThread "Unconstrained build operations Thread 11"        [_thread_blocked, id=23188, stack(0x00000085ec700000,0x00000085ec800000) (1024K)]
  0x000001e15b6c5e10 JavaThread "Unconstrained build operations Thread 12"        [_thread_blocked, id=20504, stack(0x00000085ec800000,0x00000085ec900000) (1024K)]
  0x000001e15b6c50f0 JavaThread "Unconstrained build operations Thread 13"        [_thread_blocked, id=22908, stack(0x00000085ec900000,0x00000085eca00000) (1024K)]
  0x000001e15b6c5780 JavaThread "build event listener"              [_thread_blocked, id=19240, stack(0x00000085eca00000,0x00000085ecb00000) (1024K)]
  0x000001e15b6c8c00 JavaThread "Memory manager"                    [_thread_blocked, id=18324, stack(0x00000085ecb00000,0x00000085ecc00000) (1024K)]
  0x000001e15b6c71c0 JavaThread "Cache worker for Build Output Cleanup Cache (D:\AI\instagram-clone\android\.gradle\buildOutputCleanup)"        [_thread_blocked, id=10680, stack(0x00000085eb800000,0x00000085eb900000) (1024K)]
  0x000001e15b6c64a0 JavaThread "ForkJoinPool.commonPool-worker-1" daemon [_thread_blocked, id=15696, stack(0x00000085ecc00000,0x00000085ecd00000) (1024K)]
  0x000001e15b6c8570 JavaThread "ForkJoinPool.commonPool-worker-2" daemon [_thread_blocked, id=13128, stack(0x00000085ecd00000,0x00000085ece00000) (1024K)]
  0x000001e15b6c9920 JavaThread "ForkJoinPool.commonPool-worker-3" daemon [_thread_blocked, id=25476, stack(0x00000085ece00000,0x00000085ecf00000) (1024K)]
  0x000001e15b6c9fb0 JavaThread "ForkJoinPool.commonPool-worker-4" daemon [_thread_blocked, id=19612, stack(0x00000085ecf00000,0x00000085ed000000) (1024K)]
  0x000001e15b6c6b30 JavaThread "Exec process Thread 4"             [_thread_blocked, id=19684, stack(0x00000085ed000000,0x00000085ed100000) (1024K)]
  0x000001e15b6ca640 JavaThread "Exec process Thread 5"             [_thread_blocked, id=23792, stack(0x00000085ed100000,0x00000085ed200000) (1024K)]
  0x000001e15b6cacd0 JavaThread "Exec process Thread 6"             [_thread_blocked, id=11088, stack(0x00000085ed200000,0x00000085ed300000) (1024K)]
  0x000001e15b6cb360 JavaThread "included builds"                   [_thread_blocked, id=17232, stack(0x00000085ed300000,0x00000085ed400000) (1024K)]
  0x000001e15ace9840 JavaThread "Execution worker"                  [_thread_blocked, id=13696, stack(0x00000085ed400000,0x00000085ed500000) (1024K)]
  0x000001e15ace7770 JavaThread "Execution worker Thread 2"         [_thread_blocked, id=12568, stack(0x00000085ed500000,0x00000085ed600000) (1024K)]
  0x000001e15aceb280 JavaThread "Execution worker Thread 3"         [_thread_blocked, id=9052, stack(0x00000085ed600000,0x00000085ed700000) (1024K)]
  0x000001e15f8f3b90 JavaThread "Execution worker Thread 4"         [_thread_blocked, id=1432, stack(0x00000085ed700000,0x00000085ed800000) (1024K)]
  0x000001e15f8f27e0 JavaThread "Execution worker Thread 5"         [_thread_blocked, id=8348, stack(0x00000085ed800000,0x00000085ed900000) (1024K)]
  0x000001e15f8f48b0 JavaThread "Execution worker Thread 6"         [_thread_blocked, id=20024, stack(0x00000085ed900000,0x00000085eda00000) (1024K)]
  0x000001e15f8f4220 JavaThread "Execution worker Thread 7"         [_thread_blocked, id=18240, stack(0x00000085eda00000,0x00000085edb00000) (1024K)]
  0x000001e15f8f2150 JavaThread "Execution worker Thread 8"         [_thread_blocked, id=13916, stack(0x00000085edb00000,0x00000085edc00000) (1024K)]
  0x000001e15f8f4f40 JavaThread "Execution worker Thread 9"         [_thread_blocked, id=4024, stack(0x00000085edc00000,0x00000085edd00000) (1024K)]
  0x000001e15f8f2e70 JavaThread "Execution worker Thread 10"        [_thread_blocked, id=9940, stack(0x00000085edd00000,0x00000085ede00000) (1024K)]
  0x000001e15f8f55d0 JavaThread "Execution worker Thread 11"        [_thread_blocked, id=21176, stack(0x00000085ede00000,0x00000085edf00000) (1024K)]
  0x000001e15f8f5c60 JavaThread "Cache worker for execution history cache (D:\AI\instagram-clone\node_modules\@react-native\gradle-plugin\.gradle\8.6\executionHistory)"        [_thread_blocked, id=20240, stack(0x00000085edf00000,0x00000085ee000000) (1024K)]
  0x000001e15f8f62f0 JavaThread "Unconstrained build operations Thread 14"        [_thread_blocked, id=6920, stack(0x00000085ee100000,0x00000085ee200000) (1024K)]
  0x000001e15f8f6980 JavaThread "Unconstrained build operations Thread 15"        [_thread_blocked, id=23240, stack(0x00000085ee200000,0x00000085ee300000) (1024K)]
  0x000001e15f8f3500 JavaThread "Unconstrained build operations Thread 16"        [_thread_blocked, id=11452, stack(0x00000085ee300000,0x00000085ee400000) (1024K)]
  0x000001e15f8f7010 JavaThread "Unconstrained build operations Thread 17"        [_thread_blocked, id=14392, stack(0x00000085ee400000,0x00000085ee500000) (1024K)]
  0x000001e15f8f8a50 JavaThread "Unconstrained build operations Thread 18"        [_thread_blocked, id=18140, stack(0x00000085ee500000,0x00000085ee600000) (1024K)]
  0x000001e15f8f83c0 JavaThread "Unconstrained build operations Thread 19"        [_thread_blocked, id=17428, stack(0x00000085ee600000,0x00000085ee700000) (1024K)]
  0x000001e15f8f90e0 JavaThread "Unconstrained build operations Thread 20"        [_thread_blocked, id=4804, stack(0x00000085ee700000,0x00000085ee800000) (1024K)]
  0x000001e15f8f76a0 JavaThread "Unconstrained build operations Thread 21"        [_thread_blocked, id=4848, stack(0x00000085ee800000,0x00000085ee900000) (1024K)]
  0x000001e15f8f9770 JavaThread "Unconstrained build operations Thread 22"        [_thread_blocked, id=13456, stack(0x00000085ee900000,0x00000085eea00000) (1024K)]
  0x000001e15f8f7d30 JavaThread "Unconstrained build operations Thread 23"        [_thread_blocked, id=1652, stack(0x00000085eea00000,0x00000085eeb00000) (1024K)]
  0x000001e15ff56410 JavaThread "Unconstrained build operations Thread 24"        [_thread_blocked, id=22980, stack(0x00000085eeb00000,0x00000085eec00000) (1024K)]
  0x000001e15ff56aa0 JavaThread "Unconstrained build operations Thread 25"        [_thread_blocked, id=21264, stack(0x00000085ee000000,0x00000085ee100000) (1024K)]
  0x000001e15ff57130 JavaThread "Unconstrained build operations Thread 26"        [_thread_blocked, id=22344, stack(0x00000085eec00000,0x00000085eed00000) (1024K)]
  0x000001e15ff53cb0 JavaThread "Unconstrained build operations Thread 27"        [_thread_blocked, id=4336, stack(0x00000085eed00000,0x00000085eee00000) (1024K)]
  0x000001e15ff577c0 JavaThread "Unconstrained build operations Thread 28"        [_thread_blocked, id=6616, stack(0x00000085eee00000,0x00000085eef00000) (1024K)]
  0x000001e15ff54340 JavaThread "Unconstrained build operations Thread 29"        [_thread_blocked, id=21768, stack(0x00000085eef00000,0x00000085ef000000) (1024K)]
  0x000001e15ff57e50 JavaThread "Unconstrained build operations Thread 30"        [_thread_blocked, id=20720, stack(0x00000085ef000000,0x00000085ef100000) (1024K)]
  0x000001e15ff549d0 JavaThread "Unconstrained build operations Thread 31"        [_thread_blocked, id=17352, stack(0x00000085ef100000,0x00000085ef200000) (1024K)]
  0x000001e15ff584e0 JavaThread "Unconstrained build operations Thread 32"        [_thread_blocked, id=16552, stack(0x00000085ef200000,0x00000085ef300000) (1024K)]
  0x000001e15ff55060 JavaThread "Unconstrained build operations Thread 33"        [_thread_blocked, id=21712, stack(0x00000085ef300000,0x00000085ef400000) (1024K)]
  0x000001e15ff556f0 JavaThread "Unconstrained build operations Thread 34"        [_thread_blocked, id=19296, stack(0x00000085ef400000,0x00000085ef500000) (1024K)]
  0x000001e15ff58b70 JavaThread "Unconstrained build operations Thread 35"        [_thread_blocked, id=6940, stack(0x00000085ef500000,0x00000085ef600000) (1024K)]
  0x000001e15ff59200 JavaThread "Unconstrained build operations Thread 36"        [_thread_blocked, id=20572, stack(0x00000085ef600000,0x00000085ef700000) (1024K)]
  0x000001e15ff55d80 JavaThread "Unconstrained build operations Thread 37"        [_thread_blocked, id=13924, stack(0x00000085ef700000,0x00000085ef800000) (1024K)]
  0x000001e15ff5b2d0 JavaThread "Unconstrained build operations Thread 38"        [_thread_blocked, id=4568, stack(0x00000085ef800000,0x00000085ef900000) (1024K)]
  0x000001e15ff59890 JavaThread "Unconstrained build operations Thread 39"        [_thread_blocked, id=23540, stack(0x00000085ef900000,0x00000085efa00000) (1024K)]
  0x000001e15ff5a5b0 JavaThread "Unconstrained build operations Thread 40"        [_thread_blocked, id=13568, stack(0x00000085efa00000,0x00000085efb00000) (1024K)]
  0x000001e15ff5ac40 JavaThread "Unconstrained build operations Thread 41"        [_thread_blocked, id=12796, stack(0x00000085efb00000,0x00000085efc00000) (1024K)]
  0x000001e15c56b4c0 JavaThread "Unconstrained build operations Thread 42"        [_thread_blocked, id=25164, stack(0x00000085efc00000,0x00000085efd00000) (1024K)]
  0x000001e15c56bb50 JavaThread "Unconstrained build operations Thread 43"        [_thread_blocked, id=24264, stack(0x00000085efd00000,0x00000085efe00000) (1024K)]
  0x000001e15c56ae30 JavaThread "Unconstrained build operations Thread 44"        [_thread_blocked, id=11792, stack(0x00000085efe00000,0x00000085eff00000) (1024K)]
  0x000001e15c56c1e0 JavaThread "Unconstrained build operations Thread 45"        [_thread_blocked, id=17588, stack(0x00000085eff00000,0x00000085f0000000) (1024K)]
  0x000001e15c56a110 JavaThread "Unconstrained build operations Thread 46"        [_thread_blocked, id=22384, stack(0x00000085f0000000,0x00000085f0100000) (1024K)]
  0x000001e15c568d60 JavaThread "Unconstrained build operations Thread 47"        [_thread_blocked, id=21140, stack(0x00000085f0100000,0x00000085f0200000) (1024K)]
  0x000001e15c56c870 JavaThread "Unconstrained build operations Thread 48"        [_thread_blocked, id=2968, stack(0x00000085f0200000,0x00000085f0300000) (1024K)]
Total: 115

Other Threads:
  0x000001e13a7afb90 VMThread "VM Thread"                           [id=25584, stack(0x00000085e8600000,0x00000085e8700000) (1024K)]
  0x000001e13a7a1480 WatcherThread "VM Periodic Task Thread"        [id=14140, stack(0x00000085e8500000,0x00000085e8600000) (1024K)]
  0x000001e122c59130 WorkerThread "GC Thread#0"                     [id=14996, stack(0x00000085e8000000,0x00000085e8100000) (1024K)]
  0x000001e15a5a9e60 WorkerThread "GC Thread#1"                     [id=4244, stack(0x00000085e9100000,0x00000085e9200000) (1024K)]
  0x000001e15a64a750 WorkerThread "GC Thread#2"                     [id=14876, stack(0x00000085e9200000,0x00000085e9300000) (1024K)]
  0x000001e15a64ab00 WorkerThread "GC Thread#3"                     [id=12156, stack(0x00000085e9300000,0x00000085e9400000) (1024K)]
  0x000001e15a658a90 WorkerThread "GC Thread#4"                     [id=20196, stack(0x00000085e9400000,0x00000085e9500000) (1024K)]
  0x000001e15c1cc040 WorkerThread "GC Thread#5"                     [id=14044, stack(0x00000085ea300000,0x00000085ea400000) (1024K)]
  0x000001e15c1cc3f0 WorkerThread "GC Thread#6"                     [id=15220, stack(0x00000085ea400000,0x00000085ea500000) (1024K)]
  0x000001e15c1cc7a0 WorkerThread "GC Thread#7"                     [id=14632, stack(0x00000085ea500000,0x00000085ea600000) (1024K)]
  0x000001e15c24d0c0 WorkerThread "GC Thread#8"                     [id=24512, stack(0x00000085ea600000,0x00000085ea700000) (1024K)]
  0x000001e15c24d470 WorkerThread "GC Thread#9"                     [id=21532, stack(0x00000085ea700000,0x00000085ea800000) (1024K)]
  0x000001e122c6a030 ConcurrentGCThread "G1 Main Marker"            [id=22812, stack(0x00000085e8100000,0x00000085e8200000) (1024K)]
  0x000001e122c6c070 WorkerThread "G1 Conc#0"                       [id=16216, stack(0x00000085e8200000,0x00000085e8300000) (1024K)]
  0x000001e13a96cd90 WorkerThread "G1 Conc#1"                       [id=7904, stack(0x00000085ea200000,0x00000085ea300000) (1024K)]
  0x000001e13a96d8a0 WorkerThread "G1 Conc#2"                       [id=9160, stack(0x00000085ea800000,0x00000085ea900000) (1024K)]
  0x000001e122cbe8f0 ConcurrentGCThread "G1 Refine#0"               [id=19936, stack(0x00000085e8300000,0x00000085e8400000) (1024K)]
  0x000001e13a670560 ConcurrentGCThread "G1 Service"                [id=21624, stack(0x00000085e8400000,0x00000085e8500000) (1024K)]
Total: 18

Threads with active compile tasks:
C2 CompilerThread0  179461 10361 % !   4       java.util.jar.Attributes::read @ 214 (494 bytes)
Total: 1

VM state: not at safepoint (normal execution)

VM Mutex/Monitor currently owned by a thread: None

Heap address: 0x0000000080000000, size: 2048 MB, Compressed Oops mode: 32-bit

CDS archive(s) mapped at: [0x000001e13b000000-0x000001e13bba0000-0x000001e13bba0000), size 12189696, SharedBaseAddress: 0x000001e13b000000, ArchiveRelocationMode: 1.
Compressed class space mapped at: 0x000001e13c000000-0x000001e156000000, reserved size: 436207616
Narrow klass base: 0x000001e13b000000, Narrow klass shift: 0, Narrow klass range: 0x100000000

GC Precious Log:
 CardTable entry size: 512
 Card Set container configuration: InlinePtr #cards 5 size 8 Array Of Cards #cards 12 size 40 Howl #buckets 4 coarsen threshold 1843 Howl Bitmap #cards 512 size 80 coarsen threshold 460 Card regions per heap region 1 cards per card region 2048
 CPUs: 12 total, 12 available
 Memory: 7501M
 Large Page Support: Disabled
 NUMA Support: Disabled
 Compressed Oops: Enabled (32-bit)
 Heap Region Size: 1M
 Heap Min Capacity: 8M
 Heap Initial Capacity: 118M
 Heap Max Capacity: 2G
 Pre-touch: Disabled
 Parallel Workers: 10
 Concurrent Workers: 3
 Concurrent Refinement Workers: 10
 Periodic GC: Disabled

Heap:
 garbage-first heap   total 137216K, used 107173K [0x0000000080000000, 0x0000000100000000)
  region size 1024K, 19 young (19456K), 1 survivors (1024K)
 Metaspace       used 78737K, committed 80832K, reserved 557056K
  class space    used 11303K, committed 12288K, reserved 425984K

Heap Regions: E=young(eden), S=young(survivor), O=old, HS=humongous(starts), HC=humongous(continues), CS=collection set, F=free, TAMS=top-at-mark-start, PB=parsable bottom
|   0|0x0000000080000000, 0x0000000080100000, 0x0000000080100000|100%|HS|  |TAMS 0x0000000080000000| PB 0x0000000080000000| Complete 
|   1|0x0000000080100000, 0x0000000080200000, 0x0000000080200000|100%|HC|  |TAMS 0x0000000080100000| PB 0x0000000080100000| Complete 
|   2|0x0000000080200000, 0x0000000080300000, 0x0000000080300000|100%|HC|  |TAMS 0x0000000080200000| PB 0x0000000080200000| Complete 
|   3|0x0000000080300000, 0x0000000080400000, 0x0000000080400000|100%|HC|  |TAMS 0x0000000080300000| PB 0x0000000080300000| Complete 
|   4|0x0000000080400000, 0x0000000080500000, 0x0000000080500000|100%| O|  |TAMS 0x0000000080400000| PB 0x0000000080400000| Untracked 
|   5|0x0000000080500000, 0x0000000080600000, 0x0000000080600000|100%| O|  |TAMS 0x0000000080500000| PB 0x0000000080500000| Untracked 
|   6|0x0000000080600000, 0x0000000080700000, 0x0000000080700000|100%| O|  |TAMS 0x0000000080600000| PB 0x0000000080600000| Untracked 
|   7|0x0000000080700000, 0x0000000080800000, 0x0000000080800000|100%| O|  |TAMS 0x0000000080700000| PB 0x0000000080700000| Untracked 
|   8|0x0000000080800000, 0x0000000080900000, 0x0000000080900000|100%| O|  |TAMS 0x0000000080800000| PB 0x0000000080800000| Untracked 
|   9|0x0000000080900000, 0x0000000080a00000, 0x0000000080a00000|100%| O|  |TAMS 0x0000000080900000| PB 0x0000000080900000| Untracked 
|  10|0x0000000080a00000, 0x0000000080b00000, 0x0000000080b00000|100%| O|  |TAMS 0x0000000080a00000| PB 0x0000000080a00000| Untracked 
|  11|0x0000000080b00000, 0x0000000080c00000, 0x0000000080c00000|100%| O|  |TAMS 0x0000000080b00000| PB 0x0000000080b00000| Untracked 
|  12|0x0000000080c00000, 0x0000000080d00000, 0x0000000080d00000|100%| O|  |TAMS 0x0000000080c00000| PB 0x0000000080c00000| Untracked 
|  13|0x0000000080d00000, 0x0000000080e00000, 0x0000000080e00000|100%| O|  |TAMS 0x0000000080d00000| PB 0x0000000080d00000| Untracked 
|  14|0x0000000080e00000, 0x0000000080f00000, 0x0000000080f00000|100%| O|  |TAMS 0x0000000080e00000| PB 0x0000000080e00000| Untracked 
|  15|0x0000000080f00000, 0x0000000081000000, 0x0000000081000000|100%| O|  |TAMS 0x0000000080f00000| PB 0x0000000080f00000| Untracked 
|  16|0x0000000081000000, 0x0000000081100000, 0x0000000081100000|100%| O|  |TAMS 0x0000000081000000| PB 0x0000000081000000| Untracked 
|  17|0x0000000081100000, 0x0000000081200000, 0x0000000081200000|100%| O|  |TAMS 0x0000000081100000| PB 0x0000000081100000| Untracked 
|  18|0x0000000081200000, 0x0000000081300000, 0x0000000081300000|100%| O|  |TAMS 0x0000000081200000| PB 0x0000000081200000| Untracked 
|  19|0x0000000081300000, 0x0000000081400000, 0x0000000081400000|100%| O|  |TAMS 0x0000000081300000| PB 0x0000000081300000| Untracked 
|  20|0x0000000081400000, 0x0000000081500000, 0x0000000081500000|100%| O|  |TAMS 0x0000000081400000| PB 0x0000000081400000| Untracked 
|  21|0x0000000081500000, 0x0000000081600000, 0x0000000081600000|100%| O|  |TAMS 0x0000000081500000| PB 0x0000000081500000| Untracked 
|  22|0x0000000081600000, 0x0000000081700000, 0x0000000081700000|100%| O|  |TAMS 0x0000000081600000| PB 0x0000000081600000| Untracked 
|  23|0x0000000081700000, 0x0000000081800000, 0x0000000081800000|100%| O|  |TAMS 0x0000000081700000| PB 0x0000000081700000| Untracked 
|  24|0x0000000081800000, 0x0000000081900000, 0x0000000081900000|100%| O|  |TAMS 0x0000000081800000| PB 0x0000000081800000| Untracked 
|  25|0x0000000081900000, 0x0000000081a00000, 0x0000000081a00000|100%| O|  |TAMS 0x0000000081900000| PB 0x0000000081900000| Untracked 
|  26|0x0000000081a00000, 0x0000000081b00000, 0x0000000081b00000|100%| O|  |TAMS 0x0000000081a00000| PB 0x0000000081a00000| Untracked 
|  27|0x0000000081b00000, 0x0000000081c00000, 0x0000000081c00000|100%| O|  |TAMS 0x0000000081b00000| PB 0x0000000081b00000| Untracked 
|  28|0x0000000081c00000, 0x0000000081d00000, 0x0000000081d00000|100%| O|  |TAMS 0x0000000081c00000| PB 0x0000000081c00000| Untracked 
|  29|0x0000000081d00000, 0x0000000081e00000, 0x0000000081e00000|100%| O|  |TAMS 0x0000000081d00000| PB 0x0000000081d00000| Untracked 
|  30|0x0000000081e00000, 0x0000000081f00000, 0x0000000081f00000|100%| O|  |TAMS 0x0000000081e00000| PB 0x0000000081e00000| Untracked 
|  31|0x0000000081f00000, 0x0000000082000000, 0x0000000082000000|100%| O|  |TAMS 0x0000000081f00000| PB 0x0000000081f00000| Untracked 
|  32|0x0000000082000000, 0x0000000082100000, 0x0000000082100000|100%| O|  |TAMS 0x0000000082000000| PB 0x0000000082000000| Untracked 
|  33|0x0000000082100000, 0x0000000082200000, 0x0000000082200000|100%| O|  |TAMS 0x0000000082100000| PB 0x0000000082100000| Untracked 
|  34|0x0000000082200000, 0x0000000082300000, 0x0000000082300000|100%| O|  |TAMS 0x0000000082200000| PB 0x0000000082200000| Untracked 
|  35|0x0000000082300000, 0x0000000082400000, 0x0000000082400000|100%| O|  |TAMS 0x0000000082300000| PB 0x0000000082300000| Untracked 
|  36|0x0000000082400000, 0x0000000082500000, 0x0000000082500000|100%| O|  |TAMS 0x0000000082400000| PB 0x0000000082400000| Untracked 
|  37|0x0000000082500000, 0x0000000082600000, 0x0000000082600000|100%| O|  |TAMS 0x0000000082500000| PB 0x0000000082500000| Untracked 
|  38|0x0000000082600000, 0x0000000082700000, 0x0000000082700000|100%| O|  |TAMS 0x0000000082600000| PB 0x0000000082600000| Untracked 
|  39|0x0000000082700000, 0x0000000082800000, 0x0000000082800000|100%|HS|  |TAMS 0x0000000082700000| PB 0x0000000082700000| Complete 
|  40|0x0000000082800000, 0x0000000082900000, 0x0000000082900000|100%|HC|  |TAMS 0x0000000082800000| PB 0x0000000082800000| Complete 
|  41|0x0000000082900000, 0x0000000082a00000, 0x0000000082a00000|100%| O|  |TAMS 0x0000000082900000| PB 0x0000000082900000| Untracked 
|  42|0x0000000082a00000, 0x0000000082b00000, 0x0000000082b00000|100%| O|  |TAMS 0x0000000082a00000| PB 0x0000000082a00000| Untracked 
|  43|0x0000000082b00000, 0x0000000082c00000, 0x0000000082c00000|100%|HS|  |TAMS 0x0000000082b00000| PB 0x0000000082b00000| Complete 
|  44|0x0000000082c00000, 0x0000000082d00000, 0x0000000082d00000|100%|HC|  |TAMS 0x0000000082c00000| PB 0x0000000082c00000| Complete 
|  45|0x0000000082d00000, 0x0000000082e00000, 0x0000000082e00000|100%| O|  |TAMS 0x0000000082d00000| PB 0x0000000082d00000| Untracked 
|  46|0x0000000082e00000, 0x0000000082f00000, 0x0000000082f00000|100%| O|  |TAMS 0x0000000082e00000| PB 0x0000000082e00000| Untracked 
|  47|0x0000000082f00000, 0x0000000083000000, 0x0000000083000000|100%| O|  |TAMS 0x0000000082f00000| PB 0x0000000082f00000| Untracked 
|  48|0x0000000083000000, 0x0000000083100000, 0x0000000083100000|100%|HS|  |TAMS 0x0000000083000000| PB 0x0000000083000000| Complete 
|  49|0x0000000083100000, 0x0000000083200000, 0x0000000083200000|100%|HC|  |TAMS 0x0000000083100000| PB 0x0000000083100000| Complete 
|  50|0x0000000083200000, 0x0000000083300000, 0x0000000083300000|100%|HC|  |TAMS 0x0000000083200000| PB 0x0000000083200000| Complete 
|  51|0x0000000083300000, 0x0000000083400000, 0x0000000083400000|100%|HC|  |TAMS 0x0000000083300000| PB 0x0000000083300000| Complete 
|  52|0x0000000083400000, 0x0000000083500000, 0x0000000083500000|100%| O|  |TAMS 0x0000000083400000| PB 0x0000000083400000| Untracked 
|  53|0x0000000083500000, 0x0000000083600000, 0x0000000083600000|100%|HS|  |TAMS 0x0000000083500000| PB 0x0000000083500000| Complete 
|  54|0x0000000083600000, 0x0000000083600000, 0x0000000083700000|  0%| F|  |TAMS 0x0000000083600000| PB 0x0000000083600000| Untracked 
|  55|0x0000000083700000, 0x0000000083800000, 0x0000000083800000|100%| O|  |TAMS 0x0000000083700000| PB 0x0000000083700000| Untracked 
|  56|0x0000000083800000, 0x0000000083900000, 0x0000000083900000|100%| O|  |TAMS 0x0000000083800000| PB 0x0000000083800000| Untracked 
|  57|0x0000000083900000, 0x0000000083a00000, 0x0000000083a00000|100%|HS|  |TAMS 0x0000000083900000| PB 0x0000000083900000| Complete 
|  58|0x0000000083a00000, 0x0000000083b00000, 0x0000000083b00000|100%|HC|  |TAMS 0x0000000083a00000| PB 0x0000000083a00000| Complete 
|  59|0x0000000083b00000, 0x0000000083c00000, 0x0000000083c00000|100%|HC|  |TAMS 0x0000000083b00000| PB 0x0000000083b00000| Complete 
|  60|0x0000000083c00000, 0x0000000083d00000, 0x0000000083d00000|100%|HC|  |TAMS 0x0000000083c00000| PB 0x0000000083c00000| Complete 
|  61|0x0000000083d00000, 0x0000000083e00000, 0x0000000083e00000|100%| O|  |TAMS 0x0000000083d00000| PB 0x0000000083d00000| Untracked 
|  62|0x0000000083e00000, 0x0000000083f00000, 0x0000000083f00000|100%| O|  |TAMS 0x0000000083e00000| PB 0x0000000083e00000| Untracked 
|  63|0x0000000083f00000, 0x0000000083f00000, 0x0000000084000000|  0%| F|  |TAMS 0x0000000083f00000| PB 0x0000000083f00000| Untracked 
|  64|0x0000000084000000, 0x0000000084100000, 0x0000000084100000|100%| O|  |TAMS 0x0000000084000000| PB 0x0000000084000000| Untracked 
|  65|0x0000000084100000, 0x0000000084200000, 0x0000000084200000|100%| O|  |TAMS 0x0000000084100000| PB 0x0000000084100000| Untracked 
|  66|0x0000000084200000, 0x0000000084300000, 0x0000000084300000|100%| O|  |TAMS 0x0000000084200000| PB 0x0000000084200000| Untracked 
|  67|0x0000000084300000, 0x0000000084400000, 0x0000000084400000|100%| O|  |TAMS 0x0000000084300000| PB 0x0000000084300000| Untracked 
|  68|0x0000000084400000, 0x0000000084500000, 0x0000000084500000|100%| O|  |TAMS 0x0000000084400000| PB 0x0000000084400000| Untracked 
|  69|0x0000000084500000, 0x0000000084500000, 0x0000000084600000|  0%| F|  |TAMS 0x0000000084500000| PB 0x0000000084500000| Untracked 
|  70|0x0000000084600000, 0x0000000084700000, 0x0000000084700000|100%| O|  |TAMS 0x0000000084600000| PB 0x0000000084600000| Untracked 
|  71|0x0000000084700000, 0x0000000084800000, 0x0000000084800000|100%| O|  |TAMS 0x0000000084700000| PB 0x0000000084700000| Untracked 
|  72|0x0000000084800000, 0x0000000084900000, 0x0000000084900000|100%|HS|  |TAMS 0x0000000084800000| PB 0x0000000084800000| Complete 
|  73|0x0000000084900000, 0x0000000084a00000, 0x0000000084a00000|100%|HS|  |TAMS 0x0000000084900000| PB 0x0000000084900000| Complete 
|  74|0x0000000084a00000, 0x0000000084b00000, 0x0000000084b00000|100%| O|  |TAMS 0x0000000084a00000| PB 0x0000000084a00000| Untracked 
|  75|0x0000000084b00000, 0x0000000084c00000, 0x0000000084c00000|100%|HS|  |TAMS 0x0000000084b00000| PB 0x0000000084b00000| Complete 
|  76|0x0000000084c00000, 0x0000000084d00000, 0x0000000084d00000|100%|HS|  |TAMS 0x0000000084c00000| PB 0x0000000084c00000| Complete 
|  77|0x0000000084d00000, 0x0000000084e00000, 0x0000000084e00000|100%| O|  |TAMS 0x0000000084d00000| PB 0x0000000084d00000| Untracked 
|  78|0x0000000084e00000, 0x0000000084f00000, 0x0000000084f00000|100%| O|  |TAMS 0x0000000084e00000| PB 0x0000000084e00000| Untracked 
|  79|0x0000000084f00000, 0x0000000085000000, 0x0000000085000000|100%| O|  |TAMS 0x0000000084f00000| PB 0x0000000084f00000| Untracked 
|  80|0x0000000085000000, 0x0000000085100000, 0x0000000085100000|100%| O|  |TAMS 0x0000000085000000| PB 0x0000000085000000| Untracked 
|  81|0x0000000085100000, 0x0000000085200000, 0x0000000085200000|100%| O|  |TAMS 0x0000000085100000| PB 0x0000000085100000| Untracked 
|  82|0x0000000085200000, 0x0000000085300000, 0x0000000085300000|100%| O|  |TAMS 0x0000000085200000| PB 0x0000000085200000| Untracked 
|  83|0x0000000085300000, 0x0000000085400000, 0x0000000085400000|100%| O|  |TAMS 0x0000000085300000| PB 0x0000000085300000| Untracked 
|  84|0x0000000085400000, 0x0000000085500000, 0x0000000085500000|100%| O|  |TAMS 0x0000000085400000| PB 0x0000000085400000| Untracked 
|  85|0x0000000085500000, 0x00000000855b0e08, 0x0000000085600000| 69%| O|  |TAMS 0x0000000085500000| PB 0x0000000085500000| Untracked 
|  86|0x0000000085600000, 0x0000000085600000, 0x0000000085700000|  0%| F|  |TAMS 0x0000000085600000| PB 0x0000000085600000| Untracked 
|  87|0x0000000085700000, 0x0000000085700000, 0x0000000085800000|  0%| F|  |TAMS 0x0000000085700000| PB 0x0000000085700000| Untracked 
|  88|0x0000000085800000, 0x0000000085800000, 0x0000000085900000|  0%| F|  |TAMS 0x0000000085800000| PB 0x0000000085800000| Untracked 
|  89|0x0000000085900000, 0x0000000085900000, 0x0000000085a00000|  0%| F|  |TAMS 0x0000000085900000| PB 0x0000000085900000| Untracked 
|  90|0x0000000085a00000, 0x0000000085a00000, 0x0000000085b00000|  0%| F|  |TAMS 0x0000000085a00000| PB 0x0000000085a00000| Untracked 
|  91|0x0000000085b00000, 0x0000000085b00000, 0x0000000085c00000|  0%| F|  |TAMS 0x0000000085b00000| PB 0x0000000085b00000| Untracked 
|  92|0x0000000085c00000, 0x0000000085c00000, 0x0000000085d00000|  0%| F|  |TAMS 0x0000000085c00000| PB 0x0000000085c00000| Untracked 
|  93|0x0000000085d00000, 0x0000000085d00000, 0x0000000085e00000|  0%| F|  |TAMS 0x0000000085d00000| PB 0x0000000085d00000| Untracked 
|  94|0x0000000085e00000, 0x0000000085ef8690, 0x0000000085f00000| 97%| S|CS|TAMS 0x0000000085e00000| PB 0x0000000085e00000| Complete 
|  95|0x0000000085f00000, 0x0000000085f00000, 0x0000000086000000|  0%| F|  |TAMS 0x0000000085f00000| PB 0x0000000085f00000| Untracked 
|  96|0x0000000086000000, 0x0000000086000000, 0x0000000086100000|  0%| F|  |TAMS 0x0000000086000000| PB 0x0000000086000000| Untracked 
|  97|0x0000000086100000, 0x0000000086100000, 0x0000000086200000|  0%| F|  |TAMS 0x0000000086100000| PB 0x0000000086100000| Untracked 
|  98|0x0000000086200000, 0x0000000086200000, 0x0000000086300000|  0%| F|  |TAMS 0x0000000086200000| PB 0x0000000086200000| Untracked 
|  99|0x0000000086300000, 0x0000000086300000, 0x0000000086400000|  0%| F|  |TAMS 0x0000000086300000| PB 0x0000000086300000| Untracked 
| 100|0x0000000086400000, 0x0000000086400000, 0x0000000086500000|  0%| F|  |TAMS 0x0000000086400000| PB 0x0000000086400000| Untracked 
| 101|0x0000000086500000, 0x0000000086500000, 0x0000000086600000|  0%| F|  |TAMS 0x0000000086500000| PB 0x0000000086500000| Untracked 
| 102|0x0000000086600000, 0x0000000086600000, 0x0000000086700000|  0%| F|  |TAMS 0x0000000086600000| PB 0x0000000086600000| Untracked 
| 103|0x0000000086700000, 0x0000000086700000, 0x0000000086800000|  0%| F|  |TAMS 0x0000000086700000| PB 0x0000000086700000| Untracked 
| 104|0x0000000086800000, 0x0000000086800000, 0x0000000086900000|  0%| F|  |TAMS 0x0000000086800000| PB 0x0000000086800000| Untracked 
| 105|0x0000000086900000, 0x0000000086900000, 0x0000000086a00000|  0%| F|  |TAMS 0x0000000086900000| PB 0x0000000086900000| Untracked 
| 106|0x0000000086a00000, 0x0000000086a00000, 0x0000000086b00000|  0%| F|  |TAMS 0x0000000086a00000| PB 0x0000000086a00000| Untracked 
| 107|0x0000000086b00000, 0x0000000086b00000, 0x0000000086c00000|  0%| F|  |TAMS 0x0000000086b00000| PB 0x0000000086b00000| Untracked 
| 108|0x0000000086c00000, 0x0000000086c00000, 0x0000000086d00000|  0%| F|  |TAMS 0x0000000086c00000| PB 0x0000000086c00000| Untracked 
| 109|0x0000000086d00000, 0x0000000086d00000, 0x0000000086e00000|  0%| F|  |TAMS 0x0000000086d00000| PB 0x0000000086d00000| Untracked 
| 110|0x0000000086e00000, 0x0000000086e00000, 0x0000000086f00000|  0%| F|  |TAMS 0x0000000086e00000| PB 0x0000000086e00000| Untracked 
| 111|0x0000000086f00000, 0x0000000086f00000, 0x0000000087000000|  0%| F|  |TAMS 0x0000000086f00000| PB 0x0000000086f00000| Untracked 
| 112|0x0000000087000000, 0x0000000087100000, 0x0000000087100000|100%| E|  |TAMS 0x0000000087000000| PB 0x0000000087000000| Complete 
| 113|0x0000000087100000, 0x0000000087200000, 0x0000000087200000|100%| E|CS|TAMS 0x0000000087100000| PB 0x0000000087100000| Complete 
| 114|0x0000000087200000, 0x0000000087300000, 0x0000000087300000|100%| E|CS|TAMS 0x0000000087200000| PB 0x0000000087200000| Complete 
| 115|0x0000000087300000, 0x0000000087400000, 0x0000000087400000|100%| E|CS|TAMS 0x0000000087300000| PB 0x0000000087300000| Complete 
| 116|0x0000000087400000, 0x0000000087500000, 0x0000000087500000|100%| E|CS|TAMS 0x0000000087400000| PB 0x0000000087400000| Complete 
| 117|0x0000000087500000, 0x0000000087600000, 0x0000000087600000|100%| E|CS|TAMS 0x0000000087500000| PB 0x0000000087500000| Complete 
| 118|0x0000000087600000, 0x0000000087700000, 0x0000000087700000|100%| E|CS|TAMS 0x0000000087600000| PB 0x0000000087600000| Complete 
| 119|0x0000000087700000, 0x0000000087800000, 0x0000000087800000|100%| E|CS|TAMS 0x0000000087700000| PB 0x0000000087700000| Complete 
| 120|0x0000000087800000, 0x0000000087900000, 0x0000000087900000|100%| E|CS|TAMS 0x0000000087800000| PB 0x0000000087800000| Complete 
| 121|0x0000000087900000, 0x0000000087a00000, 0x0000000087a00000|100%| E|CS|TAMS 0x0000000087900000| PB 0x0000000087900000| Complete 
| 122|0x0000000087a00000, 0x0000000087b00000, 0x0000000087b00000|100%| E|CS|TAMS 0x0000000087a00000| PB 0x0000000087a00000| Complete 
| 123|0x0000000087b00000, 0x0000000087c00000, 0x0000000087c00000|100%| E|CS|TAMS 0x0000000087b00000| PB 0x0000000087b00000| Complete 
| 124|0x0000000087c00000, 0x0000000087d00000, 0x0000000087d00000|100%| E|CS|TAMS 0x0000000087c00000| PB 0x0000000087c00000| Complete 
| 125|0x0000000087d00000, 0x0000000087e00000, 0x0000000087e00000|100%| E|CS|TAMS 0x0000000087d00000| PB 0x0000000087d00000| Complete 
| 126|0x0000000087e00000, 0x0000000087f00000, 0x0000000087f00000|100%| E|CS|TAMS 0x0000000087e00000| PB 0x0000000087e00000| Complete 
| 127|0x0000000087f00000, 0x0000000088000000, 0x0000000088000000|100%| E|CS|TAMS 0x0000000087f00000| PB 0x0000000087f00000| Complete 
| 128|0x0000000088000000, 0x0000000088100000, 0x0000000088100000|100%| E|CS|TAMS 0x0000000088000000| PB 0x0000000088000000| Complete 
|2043|0x00000000ffb00000, 0x00000000ffc00000, 0x00000000ffc00000|100%| E|CS|TAMS 0x00000000ffb00000| PB 0x00000000ffb00000| Complete 
|2044|0x00000000ffc00000, 0x00000000ffd00000, 0x00000000ffd00000|100%| O|  |TAMS 0x00000000ffc00000| PB 0x00000000ffc00000| Untracked 
|2045|0x00000000ffd00000, 0x00000000ffe00000, 0x00000000ffe00000|100%| O|  |TAMS 0x00000000ffd00000| PB 0x00000000ffd00000| Untracked 
|2046|0x00000000ffe00000, 0x00000000fff00000, 0x00000000fff00000|100%| O|  |TAMS 0x00000000ffe00000| PB 0x00000000ffe00000| Untracked 
|2047|0x00000000fff00000, 0x0000000100000000, 0x0000000100000000|100%| O|  |TAMS 0x00000000fff00000| PB 0x00000000fff00000| Untracked 

Card table byte_map: [0x000001e135770000,0x000001e135b70000] _byte_map_base: 0x000001e135370000

Marking Bits: (CMBitMap*) 0x000001e122c59750
 Bits: [0x000001e135b70000, 0x000001e137b70000)

Polling page: 0x000001e1223c0000

Metaspace:

Usage:
  Non-class:     65.85 MB used.
      Class:     11.04 MB used.
       Both:     76.89 MB used.

Virtual space:
  Non-class space:      128.00 MB reserved,      66.94 MB ( 52%) committed,  2 nodes.
      Class space:      416.00 MB reserved,      12.00 MB (  3%) committed,  1 nodes.
             Both:      544.00 MB reserved,      78.94 MB ( 15%) committed. 

Chunk freelists:
   Non-Class:  12.55 MB
       Class:  4.02 MB
        Both:  16.56 MB

MaxMetaspaceSize: 512.00 MB
CompressedClassSpaceSize: 416.00 MB
Initial GC threshold: 21.00 MB
Current GC threshold: 121.50 MB
CDS: on
 - commit_granule_bytes: 65536.
 - commit_granule_words: 8192.
 - virtual_space_node_default_size: 8388608.
 - enlarge_chunks_in_place: 1.
 - use_allocation_guard: 0.


Internal statistics:

num_allocs_failed_limit: 9.
num_arena_births: 3682.
num_arena_deaths: 0.
num_vsnodes_births: 3.
num_vsnodes_deaths: 0.
num_space_committed: 1263.
num_space_uncommitted: 0.
num_chunks_returned_to_freelist: 9.
num_chunks_taken_from_freelist: 7361.
num_chunk_merges: 9.
num_chunk_splits: 4794.
num_chunks_enlarged: 2979.
num_inconsistent_stats: 0.

CodeHeap 'non-profiled nmethods': size=120000Kb used=5226Kb max_used=5226Kb free=114773Kb
 bounds [0x000001e12d8d0000, 0x000001e12ddf0000, 0x000001e134e00000]
CodeHeap 'profiled nmethods': size=120000Kb used=16610Kb max_used=16610Kb free=103389Kb
 bounds [0x000001e125e00000, 0x000001e126e40000, 0x000001e12d330000]
CodeHeap 'non-nmethods': size=5760Kb used=2668Kb max_used=2727Kb free=3091Kb
 bounds [0x000001e12d330000, 0x000001e12d600000, 0x000001e12d8d0000]
CodeCache: size=245760Kb, used=24504Kb, max_used=24563Kb, free=221253Kb
 total_blobs=9920, nmethods=8990, adapters=833, full_count=0
Compilation: enabled, stopped_count=0, restarted_count=0

Compilation events (20 events):
Event: 179.050 Thread 0x000001e13a80dff0 10362       3       java.util.jar.Manifest::parseName (84 bytes)
Event: 179.051 Thread 0x000001e13a80dff0 nmethod 10362 0x000001e126e34190 code [0x000001e126e343a0, 0x000001e126e34ac0]
Event: 179.053 Thread 0x000001e13a805f30 nmethod 10359 0x000001e12ddea710 code [0x000001e12ddea8c0, 0x000001e12ddea9c8]
Event: 179.053 Thread 0x000001e13a805f30 10361 % !   4       java.util.jar.Attributes::read @ 214 (494 bytes)
Event: 179.196 Thread 0x000001e13a80dff0 10363       3       sun.security.util.ManifestDigester::findSection (181 bytes)
Event: 179.198 Thread 0x000001e13a80dff0 nmethod 10363 0x000001e126e34d10 code [0x000001e126e34ee0, 0x000001e126e35348]
Event: 179.198 Thread 0x000001e13a80dff0 10364  s    3       java.io.ByteArrayOutputStream::toString (18 bytes)
Event: 179.198 Thread 0x000001e13a80dff0 nmethod 10364 0x000001e126e35510 code [0x000001e126e356c0, 0x000001e126e35938]
Event: 179.198 Thread 0x000001e13a80dff0 10365       3       sun.security.util.ManifestDigester$Entry::<init> (16 bytes)
Event: 179.198 Thread 0x000001e13a80dff0 nmethod 10365 0x000001e126e35a10 code [0x000001e126e35be0, 0x000001e126e35fe8]
Event: 179.198 Thread 0x000001e13a80dff0 10367       3       sun.security.util.ManifestDigester$Entry::addSection (13 bytes)
Event: 179.199 Thread 0x000001e13a80dff0 nmethod 10367 0x000001e126e36190 code [0x000001e126e36340, 0x000001e126e36520]
Event: 179.199 Thread 0x000001e13a80dff0 10366       3       sun.security.util.ManifestDigester$Section::<init> (26 bytes)
Event: 179.199 Thread 0x000001e13a80dff0 nmethod 10366 0x000001e126e36610 code [0x000001e126e367c0, 0x000001e126e36988]
Event: 179.199 Thread 0x000001e13a80dff0 10368       3       sun.security.util.ManifestDigester::isNameAttr (102 bytes)
Event: 179.199 Thread 0x000001e13a80dff0 nmethod 10368 0x000001e126e36a90 code [0x000001e126e36c60, 0x000001e126e37050]
Event: 179.199 Thread 0x000001e13a80dff0 10369       3       sun.security.util.ManifestDigester$$Lambda/0x000001e13c87a760::apply (8 bytes)
Event: 179.200 Thread 0x000001e13a80dff0 nmethod 10369 0x000001e126e37190 code [0x000001e126e37380, 0x000001e126e379a0]
Event: 179.200 Thread 0x000001e13a80dff0 10370       3       sun.security.util.ManifestDigester::lambda$new$0 (8 bytes)
Event: 179.200 Thread 0x000001e13a80dff0 nmethod 10370 0x000001e126e37b90 code [0x000001e126e37d60, 0x000001e126e38210]

GC Heap History (20 events):
Event: 120.278 GC heap before
{Heap before GC invocations=16 (full 0):
 garbage-first heap   total 100352K, used 90767K [0x0000000080000000, 0x0000000100000000)
  region size 1024K, 33 young (33792K), 3 survivors (3072K)
 Metaspace       used 61219K, committed 63168K, reserved 491520K
  class space    used 8899K, committed 9856K, reserved 425984K
}
Event: 120.288 GC heap after
{Heap after GC invocations=17 (full 0):
 garbage-first heap   total 100352K, used 62083K [0x0000000080000000, 0x0000000100000000)
  region size 1024K, 5 young (5120K), 5 survivors (5120K)
 Metaspace       used 61219K, committed 63168K, reserved 491520K
  class space    used 8899K, committed 9856K, reserved 425984K
}
Event: 127.183 GC heap before
{Heap before GC invocations=17 (full 0):
 garbage-first heap   total 100352K, used 91779K [0x0000000080000000, 0x0000000100000000)
  region size 1024K, 34 young (34816K), 5 survivors (5120K)
 Metaspace       used 63761K, committed 65728K, reserved 491520K
  class space    used 9303K, committed 10304K, reserved 425984K
}
Event: 127.200 GC heap after
{Heap after GC invocations=18 (full 0):
 garbage-first heap   total 100352K, used 63077K [0x0000000080000000, 0x0000000100000000)
  region size 1024K, 4 young (4096K), 4 survivors (4096K)
 Metaspace       used 63761K, committed 65728K, reserved 491520K
  class space    used 9303K, committed 10304K, reserved 425984K
}
Event: 134.525 GC heap before
{Heap before GC invocations=19 (full 0):
 garbage-first heap   total 107520K, used 92773K [0x0000000080000000, 0x0000000100000000)
  region size 1024K, 33 young (33792K), 4 survivors (4096K)
 Metaspace       used 65545K, committed 67520K, reserved 491520K
  class space    used 9542K, committed 10496K, reserved 425984K
}
Event: 134.533 GC heap after
{Heap after GC invocations=20 (full 0):
 garbage-first heap   total 107520K, used 63985K [0x0000000080000000, 0x0000000100000000)
  region size 1024K, 3 young (3072K), 3 survivors (3072K)
 Metaspace       used 65545K, committed 67520K, reserved 491520K
  class space    used 9542K, committed 10496K, reserved 425984K
}
Event: 140.329 GC heap before
{Heap before GC invocations=20 (full 0):
 garbage-first heap   total 107520K, used 96753K [0x0000000080000000, 0x0000000100000000)
  region size 1024K, 36 young (36864K), 3 survivors (3072K)
 Metaspace       used 66773K, committed 68736K, reserved 491520K
  class space    used 9719K, committed 10688K, reserved 425984K
}
Event: 140.342 GC heap after
{Heap after GC invocations=21 (full 0):
 garbage-first heap   total 107520K, used 68144K [0x0000000080000000, 0x0000000100000000)
  region size 1024K, 5 young (5120K), 5 survivors (5120K)
 Metaspace       used 66773K, committed 68736K, reserved 491520K
  class space    used 9719K, committed 10688K, reserved 425984K
}
Event: 151.848 GC heap before
{Heap before GC invocations=21 (full 0):
 garbage-first heap   total 107520K, used 98864K [0x0000000080000000, 0x0000000100000000)
  region size 1024K, 35 young (35840K), 5 survivors (5120K)
 Metaspace       used 68345K, committed 70400K, reserved 491520K
  class space    used 9927K, committed 10944K, reserved 425984K
}
Event: 151.863 GC heap after
{Heap after GC invocations=22 (full 0):
 garbage-first heap   total 108544K, used 72302K [0x0000000080000000, 0x0000000100000000)
  region size 1024K, 4 young (4096K), 4 survivors (4096K)
 Metaspace       used 68345K, committed 70400K, reserved 491520K
  class space    used 9927K, committed 10944K, reserved 425984K
}
Event: 161.875 GC heap before
{Heap before GC invocations=23 (full 0):
 garbage-first heap   total 121856K, used 99950K [0x0000000080000000, 0x0000000100000000)
  region size 1024K, 31 young (31744K), 4 survivors (4096K)
 Metaspace       used 70189K, committed 72192K, reserved 491520K
  class space    used 10210K, committed 11200K, reserved 425984K
}
Event: 161.884 GC heap after
{Heap after GC invocations=24 (full 0):
 garbage-first heap   total 121856K, used 74501K [0x0000000080000000, 0x0000000100000000)
  region size 1024K, 3 young (3072K), 3 survivors (3072K)
 Metaspace       used 70189K, committed 72192K, reserved 491520K
  class space    used 10210K, committed 11200K, reserved 425984K
}
Event: 165.838 GC heap before
{Heap before GC invocations=24 (full 0):
 garbage-first heap   total 121856K, used 109317K [0x0000000080000000, 0x0000000100000000)
  region size 1024K, 38 young (38912K), 3 survivors (3072K)
 Metaspace       used 72372K, committed 74432K, reserved 491520K
  class space    used 10611K, committed 11584K, reserved 425984K
}
Event: 165.858 GC heap after
{Heap after GC invocations=25 (full 0):
 garbage-first heap   total 121856K, used 78451K [0x0000000080000000, 0x0000000100000000)
  region size 1024K, 5 young (5120K), 5 survivors (5120K)
 Metaspace       used 72372K, committed 74432K, reserved 491520K
  class space    used 10611K, committed 11584K, reserved 425984K
}
Event: 167.256 GC heap before
{Heap before GC invocations=25 (full 0):
 garbage-first heap   total 121856K, used 97907K [0x0000000080000000, 0x0000000100000000)
  region size 1024K, 26 young (26624K), 5 survivors (5120K)
 Metaspace       used 72557K, committed 74624K, reserved 491520K
  class space    used 10622K, committed 11648K, reserved 425984K
}
Event: 167.266 GC heap after
{Heap after GC invocations=26 (full 0):
 garbage-first heap   total 121856K, used 81087K [0x0000000080000000, 0x0000000100000000)
  region size 1024K, 3 young (3072K), 3 survivors (3072K)
 Metaspace       used 72557K, committed 74624K, reserved 491520K
  class space    used 10622K, committed 11648K, reserved 425984K
}
Event: 172.701 GC heap before
{Heap before GC invocations=27 (full 0):
 garbage-first heap   total 137216K, used 115903K [0x0000000080000000, 0x0000000100000000)
  region size 1024K, 33 young (33792K), 3 survivors (3072K)
 Metaspace       used 74226K, committed 76288K, reserved 491520K
  class space    used 10833K, committed 11840K, reserved 425984K
}
Event: 172.709 GC heap after
{Heap after GC invocations=28 (full 0):
 garbage-first heap   total 137216K, used 91899K [0x0000000080000000, 0x0000000100000000)
  region size 1024K, 5 young (5120K), 5 survivors (5120K)
 Metaspace       used 74226K, committed 76288K, reserved 491520K
  class space    used 10833K, committed 11840K, reserved 425984K
}
Event: 176.917 GC heap before
{Heap before GC invocations=28 (full 0):
 garbage-first heap   total 137216K, used 121595K [0x0000000080000000, 0x0000000100000000)
  region size 1024K, 35 young (35840K), 5 survivors (5120K)
 Metaspace       used 77089K, committed 79168K, reserved 557056K
  class space    used 11115K, committed 12096K, reserved 425984K
}
Event: 176.928 GC heap after
{Heap after GC invocations=29 (full 0):
 garbage-first heap   total 137216K, used 89765K [0x0000000080000000, 0x0000000100000000)
  region size 1024K, 1 young (1024K), 1 survivors (1024K)
 Metaspace       used 77089K, committed 79168K, reserved 557056K
  class space    used 11115K, committed 12096K, reserved 425984K
}

Dll operation events (14 events):
Event: 0.047 Loaded shared library C:\Users\vivek\.antigravity-ide\extensions\redhat.java-1.55.0-win32-x64\jre\21.0.11-win32-x86_64\bin\java.dll
Event: 0.385 Loaded shared library C:\Users\vivek\.antigravity-ide\extensions\redhat.java-1.55.0-win32-x64\jre\21.0.11-win32-x86_64\bin\zip.dll
Event: 0.517 Loaded shared library C:\Users\vivek\.antigravity-ide\extensions\redhat.java-1.55.0-win32-x64\jre\21.0.11-win32-x86_64\bin\instrument.dll
Event: 0.534 Loaded shared library C:\Users\vivek\.antigravity-ide\extensions\redhat.java-1.55.0-win32-x64\jre\21.0.11-win32-x86_64\bin\net.dll
Event: 0.541 Loaded shared library C:\Users\vivek\.antigravity-ide\extensions\redhat.java-1.55.0-win32-x64\jre\21.0.11-win32-x86_64\bin\nio.dll
Event: 0.582 Loaded shared library C:\Users\vivek\.antigravity-ide\extensions\redhat.java-1.55.0-win32-x64\jre\21.0.11-win32-x86_64\bin\zip.dll
Event: 1.858 Loaded shared library C:\Users\vivek\.antigravity-ide\extensions\redhat.java-1.55.0-win32-x64\jre\21.0.11-win32-x86_64\bin\jimage.dll
Event: 2.355 Loaded shared library C:\Users\vivek\.antigravity-ide\extensions\redhat.java-1.55.0-win32-x64\jre\21.0.11-win32-x86_64\bin\verify.dll
Event: 3.967 Loaded shared library C:\Users\vivek\.gradle\native\c067742578af261105cb4f569cf0c3c89f3d7b1fecec35dd04571415982c5e48\windows-amd64\native-platform.dll
Event: 4.059 Loaded shared library C:\Users\vivek\.gradle\native\38dada09dfb8b06ba9b0570ebf7e218e3eb74d4ef43ca46872605cf95ebc2f47\windows-amd64\native-platform-file-events.dll
Event: 11.209 Loaded shared library C:\Users\vivek\.antigravity-ide\extensions\redhat.java-1.55.0-win32-x64\jre\21.0.11-win32-x86_64\bin\management.dll
Event: 11.236 Loaded shared library C:\Users\vivek\.antigravity-ide\extensions\redhat.java-1.55.0-win32-x64\jre\21.0.11-win32-x86_64\bin\management_ext.dll
Event: 12.657 Loaded shared library C:\Users\vivek\.antigravity-ide\extensions\redhat.java-1.55.0-win32-x64\jre\21.0.11-win32-x86_64\bin\extnet.dll
Event: 13.811 Loaded shared library C:\Users\vivek\.antigravity-ide\extensions\redhat.java-1.55.0-win32-x64\jre\21.0.11-win32-x86_64\bin\sunmscapi.dll

Deoptimization events (20 events):
Event: 178.187 Thread 0x000001e15a8f3470 Uncommon trap: trap_request=0xffffffde fr.pc=0x000001e12d9db96c relative=0x000000000000004c
Event: 178.187 Thread 0x000001e15a8f3470 Uncommon trap: reason=class_check action=maybe_recompile pc=0x000001e12d9db96c method=java.lang.StringConcatHelper.stringOf(Ljava/lang/Object;)Ljava/lang/String; @ 5 c2
Event: 178.187 Thread 0x000001e15a8f3470 DEOPT PACKING pc=0x000001e12d9db96c sp=0x00000085e9bf42c0
Event: 178.187 Thread 0x000001e15a8f3470 DEOPT UNPACKING pc=0x000001e12d384422 sp=0x00000085e9bf4250 mode 2
Event: 178.187 Thread 0x000001e15a8f3470 Uncommon trap: trap_request=0xffffffde fr.pc=0x000001e12d9db96c relative=0x000000000000004c
Event: 178.187 Thread 0x000001e15a8f3470 Uncommon trap: reason=class_check action=maybe_recompile pc=0x000001e12d9db96c method=java.lang.StringConcatHelper.stringOf(Ljava/lang/Object;)Ljava/lang/String; @ 5 c2
Event: 178.187 Thread 0x000001e15a8f3470 DEOPT PACKING pc=0x000001e12d9db96c sp=0x00000085e9bf42c0
Event: 178.187 Thread 0x000001e15a8f3470 DEOPT UNPACKING pc=0x000001e12d384422 sp=0x00000085e9bf4250 mode 2
Event: 178.213 Thread 0x000001e15a8f3470 Uncommon trap: trap_request=0xffffff45 fr.pc=0x000001e12da90f00 relative=0x00000000000001e0
Event: 178.213 Thread 0x000001e15a8f3470 Uncommon trap: reason=unstable_if action=reinterpret pc=0x000001e12da90f00 method=java.lang.invoke.LambdaFormBuffer.changeName(ILjava/lang/invoke/LambdaForm$Name;)V @ 140 c2
Event: 178.213 Thread 0x000001e15a8f3470 DEOPT PACKING pc=0x000001e12da90f00 sp=0x00000085e9bf2610
Event: 178.213 Thread 0x000001e15a8f3470 DEOPT UNPACKING pc=0x000001e12d384422 sp=0x00000085e9bf25b8 mode 2
Event: 178.307 Thread 0x000001e15a8f3470 Uncommon trap: trap_request=0xffffffde fr.pc=0x000001e12dd23e18 relative=0x0000000000000078
Event: 178.307 Thread 0x000001e15a8f3470 Uncommon trap: reason=class_check action=maybe_recompile pc=0x000001e12dd23e18 method=java.lang.invoke.Invokers$Holder.linkToTargetMethod(Ljava/lang/Object;Ljava/lang/Object;Ljava/lang/Object;Ljava/lang/Object;Ljava/lang/Object;)Ljava/lang/Object; @ 2 c2
Event: 178.307 Thread 0x000001e15a8f3470 DEOPT PACKING pc=0x000001e12dd23e18 sp=0x00000085e9bf39f0
Event: 178.307 Thread 0x000001e15a8f3470 DEOPT UNPACKING pc=0x000001e12d384422 sp=0x00000085e9bf39a0 mode 2
Event: 179.046 Thread 0x000001e15a8f3470 Uncommon trap: trap_request=0xffffff45 fr.pc=0x000001e12ddc793c relative=0x0000000000007c3c
Event: 179.046 Thread 0x000001e15a8f3470 Uncommon trap: reason=unstable_if action=reinterpret pc=0x000001e12ddc793c method=java.util.jar.JarFile.maybeInstantiateVerifier()V @ 27 c2
Event: 179.046 Thread 0x000001e15a8f3470 DEOPT PACKING pc=0x000001e12ddc793c sp=0x00000085e9bef8f0
Event: 179.046 Thread 0x000001e15a8f3470 DEOPT UNPACKING pc=0x000001e12d384422 sp=0x00000085e9bef5c8 mode 2

Classes loaded (20 events):
Event: 165.522 Loading class java/util/concurrent/ConcurrentLinkedQueue$Itr
Event: 165.524 Loading class java/util/concurrent/ConcurrentLinkedQueue$Itr done
Event: 165.779 Loading class java/lang/foreign/MemorySegment
Event: 165.783 Loading class java/lang/foreign/MemorySegment done
Event: 173.884 Loading class sun/text/resources/cldr/FormatData_en_US
Event: 173.884 Loading class sun/text/resources/cldr/FormatData_en_US done
Event: 175.607 Loading class java/util/concurrent/Executors$DefaultThreadFactory
Event: 175.621 Loading class java/util/concurrent/Executors$DefaultThreadFactory done
Event: 176.740 Loading class java/nio/charset/UnsupportedCharsetException
Event: 176.741 Loading class java/nio/charset/UnsupportedCharsetException done
Event: 179.043 Loading class java/security/KeyStore$ProtectionParameter
Event: 179.045 Loading class java/security/KeyStore$ProtectionParameter done
Event: 179.087 Loading class sun/security/util/ManifestDigester
Event: 179.143 Loading class sun/security/util/ManifestDigester done
Event: 179.143 Loading class sun/security/util/ManifestDigester$Position
Event: 179.191 Loading class sun/security/util/ManifestDigester$Position done
Event: 179.193 Loading class sun/security/util/ManifestDigester$Entry
Event: 179.193 Loading class sun/security/util/ManifestDigester$Entry done
Event: 179.193 Loading class sun/security/util/ManifestDigester$Section
Event: 179.194 Loading class sun/security/util/ManifestDigester$Section done

Classes unloaded (0 events):
No events

Classes redefined (0 events):
No events

Internal exceptions (20 events):
Event: 155.690 Thread 0x000001e15a8f3470 Exception <a 'java/lang/NoSuchMethodError'{0x0000000085e8dd68}: 'java.lang.Object java.lang.invoke.DirectMethodHandle$Holder.invokeSpecial(java.lang.Object, java.lang.Object, java.lang.Object, java.lang.Object, java.lang.Object, java.lang.Object, java.lang.Object, int)'> (0x0000000085e8dd68) 
thrown [s\src\hotspot\share\interpreter\linkResolver.cpp, line 773]
Event: 155.691 Thread 0x000001e15a8f3470 Exception <a 'java/lang/NoSuchMethodError'{0x0000000085e92e48}: 'java.lang.Object java.lang.invoke.Invokers$Holder.linkToTargetMethod(java.lang.Object, java.lang.Object, java.lang.Object, java.lang.Object, java.lang.Object, int, java.lang.Object)'> (0x0000000085e92e48) 
thrown [s\src\hotspot\share\interpreter\linkResolver.cpp, line 773]
Event: 156.406 Thread 0x000001e15a8f3470 Implicit null exception at 0x000001e12db19a79 to 0x000001e12db19aa4
Event: 156.443 Thread 0x000001e15b6c9920 Implicit null exception at 0x000001e12dc5998b to 0x000001e12dc59a4c
Event: 156.444 Thread 0x000001e15b6c9fb0 Implicit null exception at 0x000001e12db3d087 to 0x000001e12db3d14c
Event: 163.220 Thread 0x000001e15f8f48b0 Exception <a 'java/lang/NoSuchMethodError'{0x0000000086c34ca0}: 'java.lang.Object java.lang.invoke.DirectMethodHandle$Holder.invokeVirtual(java.lang.Object, java.lang.Object, java.lang.Object, java.lang.Object, java.lang.Object, java.lang.Object, java.lang.Object, java.lang.Object, java.lang.Object, java.lang.Object, java.lang.Object, java.lang.Object, java.lang.Object, java.lang.Object, java.lang.Object, java.lang.Object, java.lang.Object, java.lang.Object, java.lang.Object, java.lang.Object, java.lang.Ob
Event: 163.222 Thread 0x000001e15f8f48b0 Exception <a 'java/lang/NoSuchMethodError'{0x0000000086c3a1b8}: 'java.lang.Object java.lang.invoke.DelegatingMethodHandle$Holder.reinvoke_L(java.lang.Object, java.lang.Object, java.lang.Object, java.lang.Object, java.lang.Object, java.lang.Object, java.lang.Object, java.lang.Object, java.lang.Object, java.lang.Object, java.lang.Object, java.lang.Object, java.lang.Object, java.lang.Object, java.lang.Object, java.lang.Object, java.lang.Object, java.lang.Object, java.lang.Object, java.lang.Object, java.lang.O
Event: 163.337 Thread 0x000001e15f8f48b0 Exception <a 'java/lang/NoSuchMethodError'{0x0000000086bff110}: 'void java.lang.invoke.DirectMethodHandle$Holder.invokeVirtual(java.lang.Object, java.lang.Object)'> (0x0000000086bff110) 
thrown [s\src\hotspot\share\interpreter\linkResolver.cpp, line 773]
Event: 163.405 Thread 0x000001e15f8f48b0 Exception <a 'java/lang/NoSuchMethodError'{0x0000000086acbdc8}: 'void java.lang.invoke.DirectMethodHandle$Holder.invokeSpecial(java.lang.Object, java.lang.Object, java.lang.Object, java.lang.Object, int, java.lang.Object, java.lang.Object)'> (0x0000000086acbdc8) 
thrown [s\src\hotspot\share\interpreter\linkResolver.cpp, line 773]
Event: 163.701 Thread 0x000001e15f8f48b0 Exception <a 'java/lang/NoSuchMethodError'{0x0000000086717290}: 'int java.lang.invoke.DirectMethodHandle$Holder.invokeSpecial(java.lang.Object, java.lang.Object, java.lang.Object, java.lang.Object, java.lang.Object)'> (0x0000000086717290) 
thrown [s\src\hotspot\share\interpreter\linkResolver.cpp, line 773]
Event: 163.986 Thread 0x000001e15f8f48b0 Exception <a 'java/lang/IncompatibleClassChangeError'{0x000000008644d698}: Found class java.lang.Object, but interface was expected> (0x000000008644d698) 
thrown [s\src\hotspot\share\interpreter\linkResolver.cpp, line 840]
Event: 164.916 Thread 0x000001e15f8f48b0 Exception <a 'java/lang/NoSuchMethodError'{0x000000008581b410}: 'int java.lang.invoke.DirectMethodHandle$Holder.invokeStaticInit(java.lang.Object, java.lang.Object, java.lang.Object, java.lang.Object, java.lang.Object)'> (0x000000008581b410) 
thrown [s\src\hotspot\share\interpreter\linkResolver.cpp, line 773]
Event: 165.172 Thread 0x000001e15f8f48b0 Exception <a 'sun/nio/fs/WindowsException'{0x00000000858ee3f8}> (0x00000000858ee3f8) 
thrown [s\src\hotspot\share\prims\jni.cpp, line 520]
Event: 165.175 Thread 0x000001e15f8f48b0 Exception <a 'sun/nio/fs/WindowsException'{0x0000000085702c80}> (0x0000000085702c80) 
thrown [s\src\hotspot\share\prims\jni.cpp, line 520]
Event: 165.181 Thread 0x000001e15f8f48b0 Exception <a 'sun/nio/fs/WindowsException'{0x0000000085704dc8}> (0x0000000085704dc8) 
thrown [s\src\hotspot\share\prims\jni.cpp, line 520]
Event: 165.189 Thread 0x000001e15f8f48b0 Exception <a 'sun/nio/fs/WindowsException'{0x0000000085706b98}> (0x0000000085706b98) 
thrown [s\src\hotspot\share\prims\jni.cpp, line 520]
Event: 167.239 Thread 0x000001e15a8f3470 Exception <a 'java/lang/ClassNotFoundException'{0x0000000085e79430}: build_dv7v0cgf3rnjgj076rnha7lxzBeanInfo> (0x0000000085e79430) 
thrown [s\src\hotspot\share\classfile\systemDictionary.cpp, line 313]
Event: 167.240 Thread 0x000001e15a8f3470 Exception <a 'java/lang/ClassNotFoundException'{0x0000000085e7fb98}: build_dv7v0cgf3rnjgj076rnha7lxzCustomizer> (0x0000000085e7fb98) 
thrown [s\src\hotspot\share\classfile\systemDictionary.cpp, line 313]
Event: 169.364 Thread 0x000001e15a8f3470 Exception <a 'java/lang/ClassNotFoundException'{0x0000000087ae26d0}: build_6rhrir7nnby3136yoqe2ojzltBeanInfo> (0x0000000087ae26d0) 
thrown [s\src\hotspot\share\classfile\systemDictionary.cpp, line 313]
Event: 169.365 Thread 0x000001e15a8f3470 Exception <a 'java/lang/ClassNotFoundException'{0x0000000087aedd00}: build_6rhrir7nnby3136yoqe2ojzltCustomizer> (0x0000000087aedd00) 
thrown [s\src\hotspot\share\classfile\systemDictionary.cpp, line 313]

ZGC Phase Switch (0 events):
No events

VM Operations (20 events):
Event: 170.431 Executing safepoint VM operation: Cleanup
Event: 170.432 Executing safepoint VM operation: Cleanup done
Event: 172.446 Executing safepoint VM operation: Cleanup
Event: 172.446 Executing safepoint VM operation: Cleanup done
Event: 172.701 Executing safepoint VM operation: G1CollectForAllocation (G1 Evacuation Pause)
Event: 172.709 Executing safepoint VM operation: G1CollectForAllocation (G1 Evacuation Pause) done
Event: 173.715 Executing safepoint VM operation: Cleanup
Event: 173.732 Executing safepoint VM operation: Cleanup done
Event: 174.742 Executing safepoint VM operation: Cleanup
Event: 174.742 Executing safepoint VM operation: Cleanup done
Event: 175.749 Executing safepoint VM operation: Cleanup
Event: 175.750 Executing safepoint VM operation: Cleanup done
Event: 176.758 Executing safepoint VM operation: Cleanup
Event: 176.758 Executing safepoint VM operation: Cleanup done
Event: 176.917 Executing safepoint VM operation: G1CollectForAllocation (G1 Evacuation Pause)
Event: 176.928 Executing safepoint VM operation: G1CollectForAllocation (G1 Evacuation Pause) done
Event: 177.936 Executing safepoint VM operation: Cleanup
Event: 177.937 Executing safepoint VM operation: Cleanup done
Event: 178.939 Executing safepoint VM operation: Cleanup
Event: 178.940 Executing safepoint VM operation: Cleanup done

Memory protections (0 events):
No events

Nmethod flushes (20 events):
Event: 167.354 Thread 0x000001e13a7afb90 flushing  nmethod 0x000001e126623610
Event: 167.354 Thread 0x000001e13a7afb90 flushing  nmethod 0x000001e12662dd10
Event: 167.354 Thread 0x000001e13a7afb90 flushing  nmethod 0x000001e12662f490
Event: 167.354 Thread 0x000001e13a7afb90 flushing  nmethod 0x000001e1266cec90
Event: 167.354 Thread 0x000001e13a7afb90 flushing  nmethod 0x000001e12671cf10
Event: 167.354 Thread 0x000001e13a7afb90 flushing  nmethod 0x000001e126725e10
Event: 167.354 Thread 0x000001e13a7afb90 flushing  nmethod 0x000001e126a07c10
Event: 167.354 Thread 0x000001e13a7afb90 flushing  nmethod 0x000001e126ab2090
Event: 167.354 Thread 0x000001e13a7afb90 flushing  nmethod 0x000001e126ab2a10
Event: 167.354 Thread 0x000001e13a7afb90 flushing  nmethod 0x000001e125fde790
Event: 167.354 Thread 0x000001e13a7afb90 flushing  nmethod 0x000001e126038b10
Event: 167.354 Thread 0x000001e13a7afb90 flushing  nmethod 0x000001e126285f10
Event: 167.354 Thread 0x000001e13a7afb90 flushing  nmethod 0x000001e12637a890
Event: 167.354 Thread 0x000001e13a7afb90 flushing  nmethod 0x000001e12637c990
Event: 167.354 Thread 0x000001e13a7afb90 flushing  nmethod 0x000001e126509090
Event: 167.355 Thread 0x000001e13a7afb90 flushing  nmethod 0x000001e126509d90
Event: 167.355 Thread 0x000001e13a7afb90 flushing  nmethod 0x000001e12650ca90
Event: 167.355 Thread 0x000001e13a7afb90 flushing  nmethod 0x000001e12650de90
Event: 167.355 Thread 0x000001e13a7afb90 flushing  nmethod 0x000001e1265c1310
Event: 167.355 Thread 0x000001e13a7afb90 flushing  nmethod 0x000001e126683690

Events (20 events):
Event: 164.217 Thread 0x000001e15f8f48b0 Thread added: 0x000001e15ff54340
Event: 164.219 Thread 0x000001e15f8f48b0 Thread added: 0x000001e15ff57e50
Event: 164.227 Thread 0x000001e15f8f48b0 Thread added: 0x000001e15ff549d0
Event: 164.228 Thread 0x000001e15f8f48b0 Thread added: 0x000001e15ff584e0
Event: 164.230 Thread 0x000001e15f8f48b0 Thread added: 0x000001e15ff55060
Event: 164.231 Thread 0x000001e15f8f48b0 Thread added: 0x000001e15ff556f0
Event: 164.233 Thread 0x000001e15f8f48b0 Thread added: 0x000001e15ff58b70
Event: 164.774 Thread 0x000001e15f8f48b0 Thread added: 0x000001e15ff59200
Event: 164.775 Thread 0x000001e15f8f48b0 Thread added: 0x000001e15ff55d80
Event: 165.541 Thread 0x000001e15a8f3470 Thread added: 0x000001e15ff5b2d0
Event: 165.548 Thread 0x000001e15a8f3470 Thread added: 0x000001e15ff59890
Event: 165.549 Thread 0x000001e15a8f3470 Thread added: 0x000001e15ff5a5b0
Event: 165.550 Thread 0x000001e15a8f3470 Thread added: 0x000001e15ff5ac40
Event: 165.550 Thread 0x000001e15a8f3470 Thread added: 0x000001e15c56b4c0
Event: 165.551 Thread 0x000001e15a8f3470 Thread added: 0x000001e15c56bb50
Event: 165.551 Thread 0x000001e15a8f3470 Thread added: 0x000001e15c56ae30
Event: 165.551 Thread 0x000001e15a8f3470 Thread added: 0x000001e15c56c1e0
Event: 165.552 Thread 0x000001e15a8f3470 Thread added: 0x000001e15c56a110
Event: 165.552 Thread 0x000001e15a8f3470 Thread added: 0x000001e15c568d60
Event: 165.553 Thread 0x000001e15a8f3470 Thread added: 0x000001e15c56c870


Dynamic libraries:
0x00007ff643d80000 - 0x00007ff643d8e000 	C:\Users\vivek\.antigravity-ide\extensions\redhat.java-1.55.0-win32-x64\jre\21.0.11-win32-x86_64\bin\java.exe
0x00007ffb7cfe0000 - 0x00007ffb7d246000 	C:\WINDOWS\SYSTEM32\ntdll.dll
0x00007ffb7b070000 - 0x00007ffb7b139000 	C:\WINDOWS\System32\KERNEL32.DLL
0x00007ffb7a900000 - 0x00007ffb7acff000 	C:\WINDOWS\System32\KERNELBASE.dll
0x00007ffb7a3b0000 - 0x00007ffb7a4fc000 	C:\WINDOWS\System32\ucrtbase.dll
0x00007ffb74510000 - 0x00007ffb74528000 	C:\Users\vivek\.antigravity-ide\extensions\redhat.java-1.55.0-win32-x64\jre\21.0.11-win32-x86_64\bin\jli.dll
0x00007ffb7c700000 - 0x00007ffb7c8c6000 	C:\WINDOWS\System32\USER32.dll
0x00007ffb7a810000 - 0x00007ffb7a837000 	C:\WINDOWS\System32\win32u.dll
0x00007ffb5eec0000 - 0x00007ffb5f151000 	C:\WINDOWS\WinSxS\amd64_microsoft.windows.common-controls_6595b64144ccf1df_6.0.26100.8972_none_3e0da176e32f9d4b\COMCTL32.dll
0x00007ffb7c6d0000 - 0x00007ffb7c6fb000 	C:\WINDOWS\System32\GDI32.dll
0x00007ffb7caa0000 - 0x00007ffb7cb49000 	C:\WINDOWS\System32\msvcrt.dll
0x00007ffb7a1f0000 - 0x00007ffb7a319000 	C:\WINDOWS\System32\gdi32full.dll
0x00007ffb7a510000 - 0x00007ffb7a5b3000 	C:\WINDOWS\System32\msvcp_win.dll
0x00007ffb74080000 - 0x00007ffb7409e000 	C:\Users\vivek\.antigravity-ide\extensions\redhat.java-1.55.0-win32-x64\jre\21.0.11-win32-x86_64\bin\VCRUNTIME140.dll
0x00007ffb7b030000 - 0x00007ffb7b062000 	C:\WINDOWS\System32\IMM32.DLL
0x00007ffb74fa0000 - 0x00007ffb74fac000 	C:\Users\vivek\.antigravity-ide\extensions\redhat.java-1.55.0-win32-x64\jre\21.0.11-win32-x86_64\bin\vcruntime140_1.dll
0x00007ffb34070000 - 0x00007ffb340fd000 	C:\Users\vivek\.antigravity-ide\extensions\redhat.java-1.55.0-win32-x64\jre\21.0.11-win32-x86_64\bin\msvcp140.dll
0x00007ffb27970000 - 0x00007ffb28712000 	C:\Users\vivek\.antigravity-ide\extensions\redhat.java-1.55.0-win32-x64\jre\21.0.11-win32-x86_64\bin\server\jvm.dll
0x00007ffb7ae50000 - 0x00007ffb7af0c000 	C:\WINDOWS\System32\ADVAPI32.dll
0x00007ffb7ada0000 - 0x00007ffb7ae4a000 	C:\WINDOWS\System32\sechost.dll
0x00007ffb7c980000 - 0x00007ffb7ca98000 	C:\WINDOWS\System32\RPCRT4.dll
0x00007ffb7c8f0000 - 0x00007ffb7c972000 	C:\WINDOWS\System32\WS2_32.dll
0x00007ffb7a050000 - 0x00007ffb7a0ae000 	C:\WINDOWS\SYSTEM32\POWRPROF.dll
0x00007ffb71a30000 - 0x00007ffb71a66000 	C:\WINDOWS\SYSTEM32\WINMM.dll
0x00007ffb73880000 - 0x00007ffb7388b000 	C:\WINDOWS\SYSTEM32\VERSION.dll
0x00007ffb7a030000 - 0x00007ffb7a045000 	C:\WINDOWS\SYSTEM32\UMPDC.dll
0x00007ffb78ee0000 - 0x00007ffb78efb000 	C:\WINDOWS\SYSTEM32\kernel.appcore.dll
0x00007ffb74500000 - 0x00007ffb7450a000 	C:\Users\vivek\.antigravity-ide\extensions\redhat.java-1.55.0-win32-x64\jre\21.0.11-win32-x86_64\bin\jimage.dll
0x00007ffb6e440000 - 0x00007ffb6e682000 	C:\WINDOWS\SYSTEM32\DBGHELP.DLL
0x00007ffb7b200000 - 0x00007ffb7b585000 	C:\WINDOWS\System32\combase.dll
0x00007ffb7bfe0000 - 0x00007ffb7c0b9000 	C:\WINDOWS\System32\OLEAUT32.dll
0x00007ffb57ff0000 - 0x00007ffb5802b000 	C:\WINDOWS\SYSTEM32\dbgcore.DLL
0x00007ffb7a750000 - 0x00007ffb7a7fc000 	C:\WINDOWS\System32\bcryptPrimitives.dll
0x00007ffb74070000 - 0x00007ffb7407f000 	C:\Users\vivek\.antigravity-ide\extensions\redhat.java-1.55.0-win32-x64\jre\21.0.11-win32-x86_64\bin\instrument.dll
0x00007ffb6c8c0000 - 0x00007ffb6c8e0000 	C:\Users\vivek\.antigravity-ide\extensions\redhat.java-1.55.0-win32-x64\jre\21.0.11-win32-x86_64\bin\java.dll
0x00007ffb7b5b0000 - 0x00007ffb7bd38000 	C:\WINDOWS\System32\SHELL32.dll
0x00007ffb77ca0000 - 0x00007ffb7853b000 	C:\WINDOWS\SYSTEM32\windows.storage.dll
0x00007ffb7af20000 - 0x00007ffb7b019000 	C:\WINDOWS\System32\SHCORE.dll
0x00007ffb7bee0000 - 0x00007ffb7bf46000 	C:\WINDOWS\System32\shlwapi.dll
0x00007ffb7a110000 - 0x00007ffb7a139000 	C:\WINDOWS\SYSTEM32\profapi.dll
0x00007ffb64840000 - 0x00007ffb64858000 	C:\Users\vivek\.antigravity-ide\extensions\redhat.java-1.55.0-win32-x64\jre\21.0.11-win32-x86_64\bin\zip.dll
0x00007ffb739a0000 - 0x00007ffb739b0000 	C:\Users\vivek\.antigravity-ide\extensions\redhat.java-1.55.0-win32-x64\jre\21.0.11-win32-x86_64\bin\net.dll
0x00007ffb6f4b0000 - 0x00007ffb6f5d8000 	C:\WINDOWS\SYSTEM32\WINHTTP.dll
0x00007ffb79490000 - 0x00007ffb794fc000 	C:\WINDOWS\system32\mswsock.dll
0x00007ffb64820000 - 0x00007ffb64836000 	C:\Users\vivek\.antigravity-ide\extensions\redhat.java-1.55.0-win32-x64\jre\21.0.11-win32-x86_64\bin\nio.dll
0x00007ffb6c390000 - 0x00007ffb6c3a0000 	C:\Users\vivek\.antigravity-ide\extensions\redhat.java-1.55.0-win32-x64\jre\21.0.11-win32-x86_64\bin\verify.dll
0x00007ffb3d760000 - 0x00007ffb3d787000 	C:\Users\vivek\.gradle\native\c067742578af261105cb4f569cf0c3c89f3d7b1fecec35dd04571415982c5e48\windows-amd64\native-platform.dll
0x00007ffb21200000 - 0x00007ffb21344000 	C:\Users\vivek\.gradle\native\38dada09dfb8b06ba9b0570ebf7e218e3eb74d4ef43ca46872605cf95ebc2f47\windows-amd64\native-platform-file-events.dll
0x00007ffb74f50000 - 0x00007ffb74f5a000 	C:\Users\vivek\.antigravity-ide\extensions\redhat.java-1.55.0-win32-x64\jre\21.0.11-win32-x86_64\bin\management.dll
0x00007ffb6bc80000 - 0x00007ffb6bc8c000 	C:\Users\vivek\.antigravity-ide\extensions\redhat.java-1.55.0-win32-x64\jre\21.0.11-win32-x86_64\bin\management_ext.dll
0x00007ffb7b020000 - 0x00007ffb7b028000 	C:\WINDOWS\System32\PSAPI.DLL
0x00007ffb79780000 - 0x00007ffb7979b000 	C:\WINDOWS\SYSTEM32\CRYPTSP.dll
0x00007ffb78e40000 - 0x00007ffb78e79000 	C:\WINDOWS\system32\rsaenh.dll
0x00007ffb79540000 - 0x00007ffb79572000 	C:\WINDOWS\SYSTEM32\USERENV.dll
0x00007ffb7a0e0000 - 0x00007ffb7a10a000 	C:\WINDOWS\SYSTEM32\bcrypt.dll
0x00007ffb797a0000 - 0x00007ffb797ac000 	C:\WINDOWS\SYSTEM32\CRYPTBASE.dll
0x00007ffb78810000 - 0x00007ffb78843000 	C:\WINDOWS\SYSTEM32\IPHLPAPI.DLL
0x00007ffb7b5a0000 - 0x00007ffb7b5aa000 	C:\WINDOWS\System32\NSI.dll
0x00007ffb6bc70000 - 0x00007ffb6bc79000 	C:\Users\vivek\.antigravity-ide\extensions\redhat.java-1.55.0-win32-x64\jre\21.0.11-win32-x86_64\bin\extnet.dll
0x00007ffb5e800000 - 0x00007ffb5e80e000 	C:\Users\vivek\.antigravity-ide\extensions\redhat.java-1.55.0-win32-x64\jre\21.0.11-win32-x86_64\bin\sunmscapi.dll
0x00007ffb7a5c0000 - 0x00007ffb7a73e000 	C:\WINDOWS\System32\CRYPT32.dll
0x00007ffb799c0000 - 0x00007ffb799f0000 	C:\WINDOWS\SYSTEM32\ncrypt.dll
0x00007ffb79970000 - 0x00007ffb799af000 	C:\WINDOWS\SYSTEM32\NTASN1.dll
0x00007ffb61e80000 - 0x00007ffb61e88000 	C:\WINDOWS\system32\wshunix.dll
0x00007ffb56220000 - 0x00007ffb56238000 	C:\WINDOWS\system32\napinsp.dll
0x00007ffb78850000 - 0x00007ffb789a8000 	C:\WINDOWS\SYSTEM32\DNSAPI.dll
0x00007ffb79240000 - 0x00007ffb7924d000 	C:\WINDOWS\SYSTEM32\DSPARSE.dll
0x00007ffb53900000 - 0x00007ffb53913000 	C:\WINDOWS\System32\winrnr.dll
0x00007ffb538d0000 - 0x00007ffb538f2000 	C:\WINDOWS\system32\nlansp_c.dll
0x00007ffb71c30000 - 0x00007ffb71c46000 	C:\WINDOWS\system32\wshbth.dll
0x00007ffb6f280000 - 0x00007ffb6f28b000 	C:\Windows\System32\rasadhlp.dll
0x00007ffb72040000 - 0x00007ffb720c6000 	C:\WINDOWS\System32\fwpuclnt.dll

JVMTI agents:
C:\Users\vivek\.gradle\wrapper\dists\gradle-8.6-bin\afr5mpiioh2wthjmwnkmdsd5w\gradle-8.6\lib\agents\gradle-instrumentation-agent-8.6.jar path:C:\Users\vivek\.antigravity-ide\extensions\redhat.java-1.55.0-win32-x64\jre\21.0.11-win32-x86_64\bin\instrument.dll, loaded, initialized, instrumentlib options:none

dbghelp: loaded successfully - version: 4.0.5 - missing functions: none
symbol engine: initialized successfully - sym options: 0x614 - pdb path: .;C:\Users\vivek\.antigravity-ide\extensions\redhat.java-1.55.0-win32-x64\jre\21.0.11-win32-x86_64\bin;C:\WINDOWS\SYSTEM32;C:\WINDOWS\WinSxS\amd64_microsoft.windows.common-controls_6595b64144ccf1df_6.0.26100.8972_none_3e0da176e32f9d4b;C:\Users\vivek\.antigravity-ide\extensions\redhat.java-1.55.0-win32-x64\jre\21.0.11-win32-x86_64\bin\server;C:\Users\vivek\.gradle\native\c067742578af261105cb4f569cf0c3c89f3d7b1fecec35dd04571415982c5e48\windows-amd64;C:\Users\vivek\.gradle\native\38dada09dfb8b06ba9b0570ebf7e218e3eb74d4ef43ca46872605cf95ebc2f47\windows-amd64

VM Arguments:
jvm_args: -XX:MaxMetaspaceSize=512m --add-opens=java.base/java.util=ALL-UNNAMED --add-opens=java.base/java.lang=ALL-UNNAMED --add-opens=java.base/java.lang.invoke=ALL-UNNAMED --add-opens=java.prefs/java.util.prefs=ALL-UNNAMED --add-opens=java.base/java.nio.charset=ALL-UNNAMED --add-opens=java.base/java.net=ALL-UNNAMED --add-opens=java.base/java.util.concurrent.atomic=ALL-UNNAMED -Xmx2048m -Dfile.encoding=utf8 -Duser.country=IN -Duser.language=en -Duser.variant -javaagent:C:\Users\vivek\.gradle\wrapper\dists\gradle-8.6-bin\afr5mpiioh2wthjmwnkmdsd5w\gradle-8.6\lib\agents\gradle-instrumentation-agent-8.6.jar 
java_command: org.gradle.launcher.daemon.bootstrap.GradleDaemon 8.6
java_class_path (initial): C:\Users\vivek\.gradle\wrapper\dists\gradle-8.6-bin\afr5mpiioh2wthjmwnkmdsd5w\gradle-8.6\lib\gradle-launcher-8.6.jar
Launcher Type: SUN_STANDARD

[Global flags]
     intx CICompilerCount                          = 4                                         {product} {ergonomic}
   size_t CompressedClassSpaceSize                 = 436207616                                 {product} {ergonomic}
     uint ConcGCThreads                            = 3                                         {product} {ergonomic}
     uint G1ConcRefinementThreads                  = 10                                        {product} {ergonomic}
   size_t G1HeapRegionSize                         = 1048576                                   {product} {ergonomic}
    uintx GCDrainStackTargetSize                   = 64                                        {product} {ergonomic}
   size_t InitialHeapSize                          = 123731968                                 {product} {ergonomic}
   size_t MarkStackSize                            = 4194304                                   {product} {ergonomic}
   size_t MaxHeapSize                              = 2147483648                                {product} {command line}
   size_t MaxMetaspaceSize                         = 536870912                                 {product} {command line}
   size_t MaxNewSize                               = 1287651328                                {product} {ergonomic}
   size_t MinHeapDeltaBytes                        = 1048576                                   {product} {ergonomic}
   size_t MinHeapSize                              = 8388608                                   {product} {ergonomic}
    uintx NonNMethodCodeHeapSize                   = 5839372                                {pd product} {ergonomic}
    uintx NonProfiledCodeHeapSize                  = 122909434                              {pd product} {ergonomic}
    uintx ProfiledCodeHeapSize                     = 122909434                              {pd product} {ergonomic}
    uintx ReservedCodeCacheSize                    = 251658240                              {pd product} {ergonomic}
     bool SegmentedCodeCache                       = true                                      {product} {ergonomic}
   size_t SoftMaxHeapSize                          = 2147483648                             {manageable} {ergonomic}
     bool UseCompressedOops                        = true                           {product lp64_product} {ergonomic}
     bool UseG1GC                                  = true                                      {product} {ergonomic}
     bool UseLargePagesIndividualAllocation        = false                                  {pd product} {ergonomic}

Logging:
Log output configuration:
 #0: stdout all=warning uptime,level,tags foldmultilines=false
 #1: stderr all=off uptime,level,tags foldmultilines=false

Release file:
JAVA_VERSION="21.0.11" 
MODULES="java.base java.compiler java.datatransfer java.xml java.prefs java.desktop java.instrument java.logging java.management java.security.sasl java.naming java.rmi java.management.rmi java.net.http java.scripting java.security.jgss java.transaction.xa java.sql java.sql.rowset java.xml.crypto java.se java.smartcardio jdk.accessibility jdk.internal.jvmstat jdk.attach jdk.charsets jdk.internal.opt jdk.zipfs jdk.compiler jdk.crypto.ec jdk.crypto.cryptoki jdk.crypto.mscapi jdk.dynalink jdk.internal.ed jdk.editpad jdk.hotspot.agent jdk.httpserver jdk.internal.le jdk.internal.vm.ci jdk.internal.vm.compiler jdk.internal.vm.compiler.management jdk.jartool jdk.javadoc jdk.jcmd jdk.management jdk.management.agent jdk.jconsole jdk.jdeps jdk.jdwp.agent jdk.jdi jdk.jfr jdk.jshell jdk.jsobject jdk.jstatd jdk.localedata jdk.management.jfr jdk.naming.dns jdk.naming.rmi jdk.net jdk.nio.mapmode jdk.random jdk.sctp jdk.security.auth jdk.security.jgss jdk.unsupported jdk.unsupported.desktop jdk.xml.dom" 

Environment Variables:
JAVA_HOME=C:\Program Files\Java\jdk-17
PATH=C:\Program Files\Common Files\Oracle\Java\javapath;C:\windows\system32;C:\windows;C:\windows\System32\Wbem;C:\windows\System32\WindowsPowerShell\v1.0\;C:\windows\System32\OpenSSH\;C:\Program Files\dotnet\;C:\MinGW\bin;C:\Program Files\Git\cmd;C:\Users\vivek\AppData\Local\Packages\PythonSoftwareFoundation.Python.3.12_qbz5n2kfra8p0\LocalCache\local-packages\Python312\Scripts;C:\xampp\php;C:\ProgramData\ComposerSetup\bin;C:\Program Files\MongoDB\Server\7.0\bin;C:\flutter\bin;C:\Program Files\Docker\Docker\resources\bin;C:\Users\vivek\AppData\Local\Programs\Python\Python310;C:\Users\vivek\AppData\Local\Programs\Python\Python310\Scripts;C:\WINDOWS\system32;C:\WINDOWS;C:\WINDOWS\System32\Wbem;C:\WINDOWS\System32\WindowsPowerShell\v1.0\;C:\WINDOWS\System32\OpenSSH\;C:\Program Files\cursor\resources\app\bin;C:\Program Files (x86)\Google\Cloud SDK\google-cloud-sdk\bin;C:\ffmpeg\bin;C:\Users\vivek\AppData\Local\nvm;C:\nvm4w\nodejs;C:\Users\vivek\.local\bin;C:\Program Files\MySQL\MySQL Shell 8.0\bin\;C:\Program Files (x86)\Common Files\Oracle\Java\javapath;C:\Program Files\Common Files\Oracle\Java\javapath;C:\windows\system32;C:\windows;C:\windows\System32\Wbem;C:\windows\System32\WindowsPowerShell\v1.0\;C:\windows\System32\OpenSSH\;C:\Program Files\dotnet\;C:\MinGW\bin;C:\Program Files\Git\cmd;C:\Program Files\HP\HP One Agent;C:\Users\vivek\AppData\Local\Packages\PythonSoftwareFoundation.Python.3.12_qbz5n2kfra8p0\LocalCache\local-packages\Python312\Scripts;C:\xampp\php;C:\ProgramData\ComposerSetup\bin;C:\Program Files\MongoDB\Server\7.0\bin;C:\flutter\bin;C:\Program Files\Docker\Docker\resources\bin;C:\Users\vivek\AppData\Local\Programs\Python\Launcher\;C:\Users\vivek\AppData\Local\Microsoft\WindowsApps;C:\Users\vivek\AppData\Local\Programs\Microsoft VS Code\bin;C:\Users\vivek\AppData\Local\GitHubDesktop\bin;C:\Users\vivek\AppData\Roaming\Composer\vendor\bin;C:\Users\vivek\AppData\Roaming\npm;C:\Program Files\heroku\bin;C:\Users\vivek\AppD;C:\Users\vivek\AppData\Local\Microsoft\WindowsApps;C:\Program Files\Java\jdk-17\bin;C:\gradle-8.13\bin;C:\Users\vivek\AppData\Local\nvm;C:\nvm4w\nodejs;C:\Users\vivek\AppData\Local\Programs\Antigravity\bin;C:\Users\vivek\AppData\Local\Programs\Antigravity IDE\bin;C:\Users\vivek\AppData\Local\Microsoft\WinGet\Links;;C:\Users\vivek\AppData\Local\cursor-agent
USERNAME=vivek
OS=Windows_NT
PROCESSOR_IDENTIFIER=AMD64 Family 23 Model 104 Stepping 1, AuthenticAMD
TMP=C:\Users\vivek\AppData\Local\Temp
TEMP=C:\Users\vivek\AppData\Local\Temp




Periodic native trim disabled

---------------  S Y S T E M  ---------------

OS:
 Windows 11 , 64 bit Build 26100 (10.0.26100.9168)
OS uptime: 3 days 14:56 hours
Hyper-V role detected

CPU: total 12 (initial active 12) (12 cores per cpu, 2 threads per core) family 23 model 104 stepping 1 microcode 0x8608109, cx8, cmov, fxsr, ht, mmx, 3dnowpref, sse, sse2, sse3, ssse3, sse4a, sse4.1, sse4.2, popcnt, lzcnt, tsc, tscinvbit, avx, avx2, aes, clmul, bmi1, bmi2, adx, sha, fma, vzeroupper, clflush, clflushopt, hv, rdtscp, rdpid, f16c
Processor Information for the first 12 processors :
  Max Mhz: 2100, Current Mhz: 1893, Mhz Limit: 2100

Memory: 4k page, system-wide physical 7501M (89M free)
TotalPageFile size 27315M (AvailPageFile size 78M)
current process WorkingSet (physical memory assigned to process): 319M, peak: 343M
current process commit charge ("private bytes"): 409M, peak: 434M

vm_info: OpenJDK 64-Bit Server VM (21.0.11+10-LTS) for windows-amd64 JRE (21.0.11+10-LTS), built on 2026-04-21T00:00:00Z by "admin" with MS VC++ 17.12 (VS2022)

END.
